Component: ARM Compiler 5.06 update 7 (build 960) Tool: armlink [4d3601]

==============================================================================

Section Cross References

    main.o(i.Start_Task_Init) refers to tasks.o(i.xTaskCreate) for xTaskCreate
    main.o(i.Start_Task_Init) refers to tasks.o(i.vTaskStartScheduler) for vTaskStartScheduler
    main.o(i.Start_Task_Init) refers to main.o(.data) for .data
    main.o(i.Start_Task_Init) refers to main.o(i.start_task) for start_task
    main.o(i.main) refers to misc.o(i.NVIC_PriorityGroupConfig) for NVIC_PriorityGroupConfig
    main.o(i.main) refers to w25q64.o(i.W25QXX_Init) for W25QXX_Init
    main.o(i.main) refers to delay.o(i.delay_init) for delay_init
    main.o(i.main) refers to rtc.o(i.RTC_Init) for RTC_Init
    main.o(i.main) refers to usart.o(i.Uart1_Init) for Uart1_Init
    main.o(i.main) refers to usart.o(i.Uart2_Init) for Uart2_Init
    main.o(i.main) refers to w25q64.o(i.Flash_Data_Init) for Flash_Data_Init
    main.o(i.main) refers to pwm.o(i.TIM3_PWM_Init) for TIM3_PWM_Init
    main.o(i.main) refers to wdg.o(i.IWDG_Init) for IWDG_Init
    main.o(i.main) refers to main.o(i.Start_Task_Init) for Start_Task_Init
    main.o(i.start_task) refers to port.o(i.vPortEnterCritical) for vPortEnterCritical
    main.o(i.start_task) refers to rtc.o(i.Rtc_Task_Init) for Rtc_Task_Init
    main.o(i.start_task) refers to usart.o(i.Uart_Task_Init) for Uart_Task_Init
    main.o(i.start_task) refers to wdg.o(i.Wdg_Task_Init) for Wdg_Task_Init
    main.o(i.start_task) refers to tasks.o(i.vTaskDelete) for vTaskDelete
    main.o(i.start_task) refers to port.o(i.vPortExitCritical) for vPortExitCritical
    main.o(i.start_task) refers to main.o(.data) for .data
    system_stm32f10x.o(i.SystemCoreClockUpdate) refers to system_stm32f10x.o(.data) for .data
    system_stm32f10x.o(i.SystemInit) refers to system_stm32f10x.o(i.SetSysClockTo72) for SetSysClockTo72
    led.o(i.LED_Init) refers to stm32f10x_rcc.o(i.RCC_APB2PeriphClockCmd) for RCC_APB2PeriphClockCmd
    led.o(i.LED_Init) refers to stm32f10x_gpio.o(i.GPIO_Init) for GPIO_Init
    led.o(i.LED_Init) refers to stm32f10x_gpio.o(i.GPIO_SetBits) for GPIO_SetBits
    key.o(i.KEY_Init) refers to stm32f10x_rcc.o(i.RCC_APB2PeriphClockCmd) for RCC_APB2PeriphClockCmd
    key.o(i.KEY_Init) refers to stm32f10x_gpio.o(i.GPIO_Init) for GPIO_Init
    key.o(i.KEY_Scan) refers to stm32f10x_gpio.o(i.GPIO_ReadInputDataBit) for GPIO_ReadInputDataBit
    key.o(i.KEY_Scan) refers to delay.o(i.delay_ms) for delay_ms
    key.o(i.KEY_Scan) refers to key.o(.data) for .data
    rtc.o(i.RTC_Alarm_Set) refers to rtc.o(i.Is_Leap_Year) for Is_Leap_Year
    rtc.o(i.RTC_Alarm_Set) refers to stm32f10x_rcc.o(i.RCC_APB1PeriphClockCmd) for RCC_APB1PeriphClockCmd
    rtc.o(i.RTC_Alarm_Set) refers to stm32f10x_pwr.o(i.PWR_BackupAccessCmd) for PWR_BackupAccessCmd
    rtc.o(i.RTC_Alarm_Set) refers to stm32f10x_rtc.o(i.RTC_SetAlarm) for RTC_SetAlarm
    rtc.o(i.RTC_Alarm_Set) refers to stm32f10x_rtc.o(i.RTC_WaitForLastTask) for RTC_WaitForLastTask
    rtc.o(i.RTC_Alarm_Set) refers to rtc.o(.constdata) for .constdata
    rtc.o(i.RTC_Get) refers to stm32f10x_rtc.o(i.RTC_GetCounter) for RTC_GetCounter
    rtc.o(i.RTC_Get) refers to rtc.o(i.Is_Leap_Year) for Is_Leap_Year
    rtc.o(i.RTC_Get) refers to rtc.o(i.RTC_Get_Week) for RTC_Get_Week
    rtc.o(i.RTC_Get) refers to rtc.o(.data) for .data
    rtc.o(i.RTC_Get) refers to rtc.o(.bss) for .bss
    rtc.o(i.RTC_Get) refers to rtc.o(.constdata) for .constdata
    rtc.o(i.RTC_Get_Week) refers to rtc.o(.constdata) for .constdata
    rtc.o(i.RTC_IRQHandler) refers to stm32f10x_rtc.o(i.RTC_GetITStatus) for RTC_GetITStatus
    rtc.o(i.RTC_IRQHandler) refers to rtc.o(i.RTC_Get) for RTC_Get
    rtc.o(i.RTC_IRQHandler) refers to stm32f10x_rtc.o(i.RTC_ClearITPendingBit) for RTC_ClearITPendingBit
    rtc.o(i.RTC_IRQHandler) refers to stm32f10x_rtc.o(i.RTC_WaitForLastTask) for RTC_WaitForLastTask
    rtc.o(i.RTC_Init) refers to stm32f10x_rcc.o(i.RCC_APB1PeriphClockCmd) for RCC_APB1PeriphClockCmd
    rtc.o(i.RTC_Init) refers to stm32f10x_pwr.o(i.PWR_BackupAccessCmd) for PWR_BackupAccessCmd
    rtc.o(i.RTC_Init) refers to stm32f10x_bkp.o(i.BKP_ReadBackupRegister) for BKP_ReadBackupRegister
    rtc.o(i.RTC_Init) refers to stm32f10x_bkp.o(i.BKP_DeInit) for BKP_DeInit
    rtc.o(i.RTC_Init) refers to stm32f10x_rcc.o(i.RCC_LSEConfig) for RCC_LSEConfig
    rtc.o(i.RTC_Init) refers to delay.o(i.delay_ms) for delay_ms
    rtc.o(i.RTC_Init) refers to stm32f10x_rcc.o(i.RCC_GetFlagStatus) for RCC_GetFlagStatus
    rtc.o(i.RTC_Init) refers to stm32f10x_rcc.o(i.RCC_RTCCLKConfig) for RCC_RTCCLKConfig
    rtc.o(i.RTC_Init) refers to stm32f10x_rcc.o(i.RCC_RTCCLKCmd) for RCC_RTCCLKCmd
    rtc.o(i.RTC_Init) refers to stm32f10x_rtc.o(i.RTC_WaitForLastTask) for RTC_WaitForLastTask
    rtc.o(i.RTC_Init) refers to stm32f10x_rtc.o(i.RTC_WaitForSynchro) for RTC_WaitForSynchro
[...]
    i.prvCheckTasksWaitingTermination        0x08004158   Section        0  tasks.o(i.prvCheckTasksWaitingTermination)
    prvCheckTasksWaitingTermination          0x08004159   Thumb Code    74  tasks.o(i.prvCheckTasksWaitingTermination)
    i.prvCopyDataFromQueue                   0x080041ac   Section        0  queue.o(i.prvCopyDataFromQueue)
    prvCopyDataFromQueue                     0x080041ad   Thumb Code    38  queue.o(i.prvCopyDataFromQueue)
    i.prvCopyDataToQueue                     0x080041d2   Section        0  queue.o(i.prvCopyDataToQueue)
    prvCopyDataToQueue                       0x080041d3   Thumb Code   108  queue.o(i.prvCopyDataToQueue)
    i.prvDeleteTCB                           0x0800423e   Section        0  tasks.o(i.prvDeleteTCB)
    prvDeleteTCB                             0x0800423f   Thumb Code    20  tasks.o(i.prvDeleteTCB)
    i.prvHeapInit                            0x08004254   Section        0  heap_4.o(i.prvHeapInit)
    prvHeapInit                              0x08004255   Thumb Code    66  heap_4.o(i.prvHeapInit)
    i.prvIdleTask                            0x080042a0   Section        0  tasks.o(i.prvIdleTask)
    prvIdleTask                              0x080042a1   Thumb Code    30  tasks.o(i.prvIdleTask)
    i.prvInitialiseNewTask                   0x080042c8   Section        0  tasks.o(i.prvInitialiseNewTask)
    prvInitialiseNewTask                     0x080042c9   Thumb Code   154  tasks.o(i.prvInitialiseNewTask)
    i.prvInsertBlockIntoFreeList             0x08004388   Section        0  heap_4.o(i.prvInsertBlockIntoFreeList)
    prvInsertBlockIntoFreeList               0x08004389   Thumb Code    72  heap_4.o(i.prvInsertBlockIntoFreeList)
    i.prvInsertTimerInActiveList             0x080043d4   Section        0  timers.o(i.prvInsertTimerInActiveList)
    prvInsertTimerInActiveList               0x080043d5   Thumb Code    52  timers.o(i.prvInsertTimerInActiveList)
    i.prvIsQueueEmpty                        0x0800440c   Section        0  queue.o(i.prvIsQueueEmpty)
    prvIsQueueEmpty                          0x0800440d   Thumb Code    26  queue.o(i.prvIsQueueEmpty)
    i.prvNotifyQueueSetContainer             0x08004428   Section        0  queue.o(i.prvNotifyQueueSetContainer)
    prvNotifyQueueSetContainer               0x08004429   Thumb Code   108  queue.o(i.prvNotifyQueueSetContainer)
    i.prvProcessExpiredTimer                 0x080044b8   Section        0  timers.o(i.prvProcessExpiredTimer)
    prvProcessExpiredTimer                   0x080044b9   Thumb Code    86  timers.o(i.prvProcessExpiredTimer)
    i.prvProcessReceivedCommands             0x08004518   Section        0  timers.o(i.prvProcessReceivedCommands)
    prvProcessReceivedCommands               0x08004519   Thumb Code   196  timers.o(i.prvProcessReceivedCommands)
    i.prvProcessTimerOrBlockTask             0x08004608   Section        0  timers.o(i.prvProcessTimerOrBlockTask)
    prvProcessTimerOrBlockTask               0x08004609   Thumb Code    98  timers.o(i.prvProcessTimerOrBlockTask)
    i.prvResetNextTaskUnblockTime            0x08004674   Section        0  tasks.o(i.prvResetNextTaskUnblockTime)
    prvResetNextTaskUnblockTime              0x08004675   Thumb Code    26  tasks.o(i.prvResetNextTaskUnblockTime)
    i.prvSampleTimeNow                       0x08004694   Section        0  timers.o(i.prvSampleTimeNow)
    prvSampleTimeNow                         0x08004695   Thumb Code    36  timers.o(i.prvSampleTimeNow)
    i.prvSwitchTimerLists                    0x080046bc   Section        0  timers.o(i.prvSwitchTimerLists)
    prvSwitchTimerLists                      0x080046bd   Thumb Code   100  timers.o(i.prvSwitchTimerLists)
    i.prvTaskExitError                       0x08004728   Section        0  port.o(i.prvTaskExitError)
    prvTaskExitError                         0x08004729   Thumb Code    34  port.o(i.prvTaskExitError)
    i.prvTimerTask                           0x0800478c   Section        0  timers.o(i.prvTimerTask)
    prvTimerTask                             0x0800478d   Thumb Code    34  timers.o(i.prvTimerTask)
    i.prvUnlockQueue                         0x080047b4   Section        0  queue.o(i.prvUnlockQueue)
    prvUnlockQueue                           0x080047b5   Thumb Code   120  queue.o(i.prvUnlockQueue)
    i.pvPortMalloc                           0x0800482c   Section        0  heap_4.o(i.pvPortMalloc)
    i.pvTaskIncrementMutexHeldCount          0x08004940   Section        0  tasks.o(i.pvTaskIncrementMutexHeldCount)
    i.pxPortInitialiseStack                  0x08004958   Section        0  port.o(i.pxPortInitialiseStack)
    i.realloc                                0x0800497c   Section        0  mallocr.o(i.realloc)
    i.start_task                             0x080049e8   Section        0  main.o(i.start_task)
    i.strtod                                 0x08004a10   Section        0  strtod.o(i.strtod)
    i.utf16_literal_to_utf8                  0x08004a2c   Section        0  cjson.o(i.utf16_literal_to_utf8)
    utf16_literal_to_utf8                    0x08004a2d   Thumb Code   208  cjson.o(i.utf16_literal_to_utf8)
    i.uxListRemove                           0x08004afc   Section        0  list.o(i.uxListRemove)
    i.vListInitialise                        0x08004b20   Section        0  list.o(i.vListInitialise)
    i.vListInitialiseItem                    0x08004b36   Section        0  list.o(i.vListInitialiseItem)
    i.vListInsert                            0x08004b3c   Section        0  list.o(i.vListInsert)
    i.vListInsertEnd                         0x08004b6c   Section        0  list.o(i.vListInsertEnd)
    i.vPortEnterCritical                     0x08004b84   Section        0  port.o(i.vPortEnterCritical)
    i.vPortExitCritical                      0x08004bfc   Section        0  port.o(i.vPortExitCritical)
    i.vPortFree                              0x08004c60   Section        0  heap_4.o(i.vPortFree)
    i.vPortSetupTimerInterrupt               0x08004cfc   Section        0  port.o(i.vPortSetupTimerInterrupt)
    i.vPortValidateInterruptPriority         0x08004d1c   Section        0  port.o(i.vPortValidateInterruptPriority)
    i.vQueueAddToRegistry                    0x08004da8   Section        0  queue.o(i.vQueueAddToRegistry)
    i.vQueueWaitForMessageRestricted         0x08004dcc   Section        0  queue.o(i.vQueueWaitForMessageRestricted)
    i.vTaskDelay                             0x08004e10   Section        0  tasks.o(i.vTaskDelay)
    i.vTaskDelete                            0x08004e7c   Section        0  tasks.o(i.vTaskDelete)
    i.vTaskMissedYield                       0x08004f48   Section        0  tasks.o(i.vTaskMissedYield)
    i.vTaskPlaceOnEventList                  0x08004f54   Section        0  tasks.o(i.vTaskPlaceOnEventList)
    i.vTaskPlaceOnEventListRestricted        0x08004fa8   Section        0  tasks.o(i.vTaskPlaceOnEventListRestricted)
    i.vTaskPriorityInherit                   0x08005004   Section        0  tasks.o(i.vTaskPriorityInherit)
    i.vTaskSetTimeOutState                   0x08005088   Section        0  tasks.o(i.vTaskSetTimeOutState)
    i.vTaskStartScheduler                    0x080050d0   Section        0  tasks.o(i.vTaskStartScheduler)
    i.vTaskSuspendAll                        0x08005164   Section        0  tasks.o(i.vTaskSuspendAll)
    i.vTaskSwitchContext                     0x08005174   Section        0  tasks.o(i.vTaskSwitchContext)
    i.xPortStartScheduler                    0x080051f0   Section        0  port.o(i.xPortStartScheduler)
    i.xPortSysTickHandler                    0x08005268   Section        0  port.o(i.xPortSysTickHandler)
    i.xQueueGenericCreate                    0x08005294   Section        0  queue.o(i.xQueueGenericCreate)
    i.xQueueGenericReceive                   0x0800530c   Section        0  queue.o(i.xQueueGenericReceive)
    i.xQueueGenericReset                     0x08005490   Section        0  queue.o(i.xQueueGenericReset)
    i.xQueueGenericSend                      0x08005538   Section        0  queue.o(i.xQueueGenericSend)
    i.xQueueGenericSendFromISR               0x080056c0   Section        0  queue.o(i.xQueueGenericSendFromISR)
    i.xQueueReceiveFromISR                   0x080057a0   Section        0  queue.o(i.xQueueReceiveFromISR)
    i.xTaskCheckForTimeOut                   0x08005854   Section        0  tasks.o(i.xTaskCheckForTimeOut)
    i.xTaskCreate                            0x080058dc   Section        0  tasks.o(i.xTaskCreate)
    i.xTaskGetSchedulerState                 0x08005934   Section        0  tasks.o(i.xTaskGetSchedulerState)
    i.xTaskGetTickCount                      0x08005950   Section        0  tasks.o(i.xTaskGetTickCount)
    i.xTaskIncrementTick                     0x0800595c   Section        0  tasks.o(i.xTaskIncrementTick)
    i.xTaskPriorityDisinherit                0x08005a44   Section        0  tasks.o(i.xTaskPriorityDisinherit)
    i.xTaskRemoveFromEventList               0x08005af8   Section        0  tasks.o(i.xTaskRemoveFromEventList)
    i.xTaskResumeAll                         0x08005b90   Section        0  tasks.o(i.xTaskResumeAll)
    i.xTimerCreate                           0x08005c74   Section        0  timers.o(i.xTimerCreate)
    i.xTimerCreateTimerTask                  0x08005ce8   Section        0  timers.o(i.xTimerCreateTimerTask)
    i.xTimerGenericCommand                   0x08005d5c   Section        0  timers.o(i.xTimerGenericCommand)
    .constdata                               0x08005dec   Section       24  rtc.o(.constdata)
    .constdata                               0x08005e04   Section       64  ctype_c.o(.constdata)
    .conststring                             0x08005e44   Section      186  usart.o(.conststring)
    .data                                    0x20000000   Section        4  main.o(.data)
    .data                                    0x20000004   Section       20  system_stm32f10x.o(.data)
    .data                                    0x20000018   Section        8  rtc.o(.data)
    daycnt                                   0x20000018   Data           2  rtc.o(.data)
    .data                                    0x20000020   Section        4  wdg.o(.data)
    .data                                    0x20000024   Section        2  w25q64.o(.data)
    .data                                    0x20000026   Section        4  delay.o(.data)
    fac_us                                   0x20000026   Data           1  delay.o(.data)
    fac_ms                                   0x20000028   Data           2  delay.o(.data)
    .data                                    0x2000002c   Section       16  usart.o(.data)
    .data                                    0x2000003c   Section        4  usart.o(.data)
    .data                                    0x20000040   Section       20  stm32f10x_rcc.o(.data)
    ADCPrescTable                            0x20000040   Data           4  stm32f10x_rcc.o(.data)
    APBAHBPrescTable                         0x20000044   Data          16  stm32f10x_rcc.o(.data)
    .data                                    0x20000054   Section       60  tasks.o(.data)
    uxDeletedTasksWaitingCleanUp             0x20000058   Data           4  tasks.o(.data)
    uxCurrentNumberOfTasks                   0x2000005c   Data           4  tasks.o(.data)
    xTickCount                               0x20000060   Data           4  tasks.o(.data)
    uxTopReadyPriority                       0x20000064   Data           4  tasks.o(.data)
    xSchedulerRunning                        0x20000068   Data           4  tasks.o(.data)
    uxPendedTicks                            0x2000006c   Data           4  tasks.o(.data)
    xYieldPending                            0x20000070   Data           4  tasks.o(.data)
    xNumOfOverflows                          0x20000074   Data           4  tasks.o(.data)
    uxTaskNumber                             0x20000078   Data           4  tasks.o(.data)
    xNextTaskUnblockTime                     0x2000007c   Data           4  tasks.o(.data)
    xIdleTaskHandle                          0x20000080   Data           4  tasks.o(.data)
    uxSchedulerSuspended                     0x20000084   Data           4  tasks.o(.data)
    pxDelayedTaskList                        0x20000088   Data           4  tasks.o(.data)
    pxOverflowDelayedTaskList                0x2000008c   Data           4  tasks.o(.data)
    .data                                    0x20000090   Section       20  timers.o(.data)
    xTimerQueue                              0x20000090   Data           4  timers.o(.data)
    xTimerTaskHandle                         0x20000094   Data           4  timers.o(.data)
    xLastTime                                0x20000098   Data           4  timers.o(.data)
    pxCurrentTimerList                       0x2000009c   Data           4  timers.o(.data)
    pxOverflowTimerList                      0x200000a0   Data           4  timers.o(.data)
    .data                                    0x200000a4   Section       24  heap_4.o(.data)
    pxEnd                                    0x200000a4   Data           4  heap_4.o(.data)
    xFreeBytesRemaining                      0x200000a8   Data           4  heap_4.o(.data)
    xMinimumEverFreeBytesRemaining           0x200000ac   Data           4  heap_4.o(.data)
    xBlockAllocatedBit                       0x200000b0   Data           4  heap_4.o(.data)
    xStart                                   0x200000b4   Data           8  heap_4.o(.data)
    .data                                    0x200000bc   Section       12  port.o(.data)
    ucMaxSysCallPriority                     0x200000bc   Data           1  port.o(.data)
    uxCriticalNesting                        0x200000c0   Data           4  port.o(.data)
    ulMaxPRIGROUPValue                       0x200000c4   Data           4  port.o(.data)
    .data                                    0x200000c8   Section       20  cjson.o(.data)
    global_error                             0x200000c8   Data           8  cjson.o(.data)
    global_hooks                             0x200000d0   Data          12  cjson.o(.data)
    .data                                    0x200000dc   Section        4  mvars.o(.data)
    .data                                    0x200000e0   Section        4  mvars.o(.data)
    .bss                                     0x200000e4   Section       26  rtc.o(.bss)
    .bss                                     0x200000fe   Section     4096  w25q64.o(.bss)
    .bss                                     0x200010fe   Section      702  usart.o(.bss)
    .bss                                     0x200013bc   Section       64  queue.o(.bss)
    .bss                                     0x200013fc   Section      740  tasks.o(.bss)
    pxReadyTasksLists                        0x200013fc   Data         640  tasks.o(.bss)
    xDelayedTaskList1                        0x2000167c   Data          20  tasks.o(.bss)
    xDelayedTaskList2                        0x20001690   Data          20  tasks.o(.bss)
    xPendingReadyList                        0x200016a4   Data          20  tasks.o(.bss)
    xTasksWaitingTermination                 0x200016b8   Data          20  tasks.o(.bss)
    xSuspendedTaskList                       0x200016cc   Data          20  tasks.o(.bss)
    .bss                                     0x200016e0   Section       40  timers.o(.bss)
    xActiveTimerList1                        0x200016e0   Data          20  timers.o(.bss)
    xActiveTimerList2                        0x200016f4   Data          20  timers.o(.bss)
    .bss                                     0x20001708   Section    20480  heap_4.o(.bss)
    ucHeap                                   0x20001708   Data       20480  heap_4.o(.bss)
    HEAP                                     0x20006708   Section     2048  startup_stm32f10x_hd.o(HEAP)
    STACK                                    0x20006f08   Section     2048  startup_stm32f10x_hd.o(STACK)

    Global Symbols

    Symbol Name                              Value     Ov Type        Size  Object(Section)

    BuildAttributes$$THM_ISAv4$P$D$K$B$S$PE$A:L22UL41UL21$X:L11$S22US41US21$IEEE1$IW$USESV6$~STKCKD$USESV7$~SHL$OTIME$ROPI$IEEEJ$EBA8$MICROLIB$REQ8$PRES8$EABIv2 0x00000000   Number         0  anon$$obj.o ABSOLUTE
    __ARM_use_no_argv                        0x00000000   Number         0  main.o ABSOLUTE
    __use_no_errno                           0x00000000   Number         0  useno.o ABSOLUTE
    __use_no_exception_handling              0x00000000   Number         0  useno.o ABSOLUTE
    __use_no_fp                              0x00000000   Number         0  useno.o ABSOLUTE
    __use_no_heap                            0x00000000   Number         0  useno.o ABSOLUTE
    __use_no_heap_region                     0x00000000   Number         0  useno.o ABSOLUTE
    __use_no_semihosting                     0x00000000   Number         0  useno.o ABSOLUTE
    __use_no_semihosting_swi                 0x00000000   Number         0  useno.o ABSOLUTE
    __use_no_signal_handling                 0x00000000   Number         0  useno.o ABSOLUTE
    _printf_a                                0x00000000   Number         0  stubs.o ABSOLUTE
    _printf_c                                0x00000000   Number         0  stubs.o ABSOLUTE
    _printf_charcount                        0x00000000   Number         0  stubs.o ABSOLUTE
    _printf_d                                0x00000000   Number         0  stubs.o ABSOLUTE
    _printf_e                                0x00000000   Number         0  stubs.o ABSOLUTE
    _printf_f                                0x00000000   Number         0  stubs.o ABSOLUTE
    _printf_flags                            0x00000000   Number         0  stubs.o ABSOLUTE
    _printf_fp_dec                           0x00000000   Number         0  stubs.o ABSOLUTE
    _printf_fp_hex                           0x00000000   Number         0  stubs.o ABSOLUTE
    _printf_g                                0x00000000   Number         0  stubs.o ABSOLUTE
    _printf_i                                0x00000000   Number         0  stubs.o ABSOLUTE
    _printf_int_dec                          0x00000000   Number         0  stubs.o ABSOLUTE
    _printf_l                                0x00000000   Number         0  stubs.o ABSOLUTE
    _printf_lc                               0x00000000   Number         0  stubs.o ABSOLUTE
    _printf_ll                               0x00000000   Number         0  stubs.o ABSOLUTE
    _printf_lld                              0x00000000   Number         0  stubs.o ABSOLUTE
    _printf_lli                              0x00000000   Number         0  stubs.o ABSOLUTE
    _printf_llo                              0x00000000   Number         0  stubs.o ABSOLUTE
    _printf_llu                              0x00000000   Number         0  stubs.o ABSOLUTE
    _printf_llx                              0x00000000   Number         0  stubs.o ABSOLUTE
    _printf_longlong_dec                     0x00000000   Number         0  stubs.o ABSOLUTE
    _printf_longlong_hex                     0x00000000   Number         0  stubs.o ABSOLUTE
    _printf_longlong_oct                     0x00000000   Number         0  stubs.o ABSOLUTE
    _printf_ls                               0x00000000   Number         0  stubs.o ABSOLUTE
    _printf_mbtowc                           0x00000000   Number         0  stubs.o ABSOLUTE
    _printf_n                                0x00000000   Number         0  stubs.o ABSOLUTE
    _printf_o                                0x00000000   Number         0  stubs.o ABSOLUTE
    _printf_p                                0x00000000   Number         0  stubs.o ABSOLUTE
    _printf_percent                          0x00000000   Number         0  stubs.o ABSOLUTE
    _printf_pre_padding                      0x00000000   Number         0  stubs.o ABSOLUTE
    _printf_return_value                     0x00000000   Number         0  stubs.o ABSOLUTE
    _printf_s                                0x00000000   Number         0  stubs.o ABSOLUTE
    _printf_sizespec                         0x00000000   Number         0  stubs.o ABSOLUTE
    _printf_str                              0x00000000   Number         0  stubs.o ABSOLUTE
    _printf_truncate_signed                  0x00000000   Number         0  stubs.o ABSOLUTE
    _printf_truncate_unsigned                0x00000000   Number         0  stubs.o ABSOLUTE
    _printf_u                                0x00000000   Number         0  stubs.o ABSOLUTE
    _printf_wc                               0x00000000   Number         0  stubs.o ABSOLUTE
    _printf_wctomb                           0x00000000   Number         0  stubs.o ABSOLUTE
    _printf_widthprec                        0x00000000   Number         0  stubs.o ABSOLUTE
    _printf_x                                0x00000000   Number         0  stubs.o ABSOLUTE
    __arm_fini_                               - Undefined Weak Reference
    __cpp_initialize__aeabi_                  - Undefined Weak Reference
    __cxa_finalize                            - Undefined Weak Reference
    __decompress                              - Undefined Weak Reference
    _clock_init                               - Undefined Weak Reference
    _microlib_exit                            - Undefined Weak Reference
    _scanf_longlong                           - Undefined Weak Reference
    _scanf_string                             - Undefined Weak Reference
    __Vectors_Size                           0x00000130   Number         0  startup_stm32f10x_hd.o ABSOLUTE
    __Vectors                                0x08000000   Data           4  startup_stm32f10x_hd.o(RESET)
    __Vectors_End                            0x08000130   Data           0  startup_stm32f10x_hd.o(RESET)
    __main                                   0x08000131   Thumb Code     0  entry.o(.ARM.Collect$$$$00000000)
    _main_stk                                0x08000131   Thumb Code     0  entry2.o(.ARM.Collect$$$$00000001)
    _main_scatterload                        0x08000135   Thumb Code     0  entry5.o(.ARM.Collect$$$$00000004)
    __main_after_scatterload                 0x08000139   Thumb Code     0  entry5.o(.ARM.Collect$$$$00000004)
    _main_clock                              0x08000139   Thumb Code     0  entry7b.o(.ARM.Collect$$$$00000008)
    _main_cpp_init                           0x08000139   Thumb Code     0  entry8b.o(.ARM.Collect$$$$0000000A)
    _main_init                               0x08000139   Thumb Code     0  entry9a.o(.ARM.Collect$$$$0000000B)
    __rt_lib_shutdown_fini                   0x08000141   Thumb Code     0  entry12b.o(.ARM.Collect$$$$0000000E)
    __rt_final_cpp                           0x08000145   Thumb Code     0  entry10a.o(.ARM.Collect$$$$0000000F)
    __rt_final_exit                          0x08000145   Thumb Code     0  entry11a.o(.ARM.Collect$$$$00000011)
    SVC_Handler                              0x08000149   Thumb Code    32  port.o(.emb_text)
    __asm___6_port_c_39a90d8d__prvStartFirstTask 0x0800016d   Thumb Code    28  port.o(.emb_text)
    PendSV_Handler                           0x0800018d   Thumb Code    72  port.o(.emb_text)
    vPortGetIPSR                             0x080001d9   Thumb Code     6  port.o(.emb_text)
    Reset_Handler                            0x080001e1   Thumb Code     8  startup_stm32f10x_hd.o(.text)
    ADC1_2_IRQHandler                        0x080001fb   Thumb Code     0  startup_stm32f10x_hd.o(.text)
    ADC3_IRQHandler                          0x080001fb   Thumb Code     0  startup_stm32f10x_hd.o(.text)
    CAN1_RX1_IRQHandler                      0x080001fb   Thumb Code     0  startup_stm32f10x_hd.o(.text)
    CAN1_SCE_IRQHandler                      0x080001fb   Thumb Code     0  startup_stm32f10x_hd.o(.text)
    DMA1_Channel1_IRQHandler                 0x080001fb   Thumb Code     0  startup_stm32f10x_hd.o(.text)
    DMA1_Channel2_IRQHandler                 0x080001fb   Thumb Code     0  startup_stm32f10x_hd.o(.text)
    DMA1_Channel3_IRQHandler                 0x080001fb   Thumb Code     0  startup_stm32f10x_hd.o(.text)
    DMA1_Channel4_IRQHandler                 0x080001fb   Thumb Code     0  startup_stm32f10x_hd.o(.text)
    DMA1_Channel5_IRQHandler                 0x080001fb   Thumb Code     0  startup_stm32f10x_hd.o(.text)
    DMA1_Channel6_IRQHandler                 0x080001fb   Thumb Code     0  startup_stm32f10x_hd.o(.text)
    DMA1_Channel7_IRQHandler                 0x080001fb   Thumb Code     0  startup_stm32f10x_hd.o(.text)
    DMA2_Channel1_IRQHandler                 0x080001fb   Thumb Code     0  startup_stm32f10x_hd.o(.text)
    DMA2_Channel2_IRQHandler                 0x080001fb   Thumb Code     0  startup_stm32f10x_hd.o(.text)
    DMA2_Channel3_IRQHandler                 0x080001fb   Thumb Code     0  startup_stm32f10x_hd.o(.text)
    DMA2_Channel4_5_IRQHandler               0x080001fb   Thumb Code     0  startup_stm32f10x_hd.o(.text)
    EXTI0_IRQHandler                         0x080001fb   Thumb Code     0  startup_stm32f10x_hd.o(.text)
    EXTI15_10_IRQHandler                     0x080001fb   Thumb Code     0  startup_stm32f10x_hd.o(.text)
    EXTI1_IRQHandler                         0x080001fb   Thumb Code     0  startup_stm32f10x_hd.o(.text)
    EXTI2_IRQHandler                         0x080001fb   Thumb Code     0  startup_stm32f10x_hd.o(.text)
    EXTI3_IRQHandler                         0x080001fb   Thumb Code     0  startup_stm32f10x_hd.o(.text)
    EXTI4_IRQHandler                         0x080001fb   Thumb Code     0  startup_stm32f10x_hd.o(.text)
    EXTI9_5_IRQHandler                       0x080001fb   Thumb Code     0  startup_stm32f10x_hd.o(.text)
    FLASH_IRQHandler                         0x080001fb   Thumb Code     0  startup_stm32f10x_hd.o(.text)
    FSMC_IRQHandler                          0x080001fb   Thumb Code     0  startup_stm32f10x_hd.o(.text)
    I2C1_ER_IRQHandler                       0x080001fb   Thumb Code     0  startup_stm32f10x_hd.o(.text)
    I2C1_EV_IRQHandler                       0x080001fb   Thumb Code     0  startup_stm32f10x_hd.o(.text)
    I2C2_ER_IRQHandler                       0x080001fb   Thumb Code     0  startup_stm32f10x_hd.o(.text)
    I2C2_EV_IRQHandler                       0x080001fb   Thumb Code     0  startup_stm32f10x_hd.o(.text)
    PVD_IRQHandler                           0x080001fb   Thumb Code     0  startup_stm32f10x_hd.o(.text)
    RCC_IRQHandler                           0x080001fb   Thumb Code     0  startup_stm32f10x_hd.o(.text)
    RTCAlarm_IRQHandler                      0x080001fb   Thumb Code     0  startup_stm32f10x_hd.o(.text)
    SDIO_IRQHandler                          0x080001fb   Thumb Code     0  startup_stm32f10x_hd.o(.text)
    SPI1_IRQHandler                          0x080001fb   Thumb Code     0  startup_stm32f10x_hd.o(.text)
    SPI2_IRQHandler                          0x080001fb   Thumb Code     0  startup_stm32f10x_hd.o(.text)
    SPI3_IRQHandler                          0x080001fb   Thumb Code     0  startup_stm32f10x_hd.o(.text)
    TAMPER_IRQHandler                        0x080001fb   Thumb Code     0  startup_stm32f10x_hd.o(.text)
    TIM1_BRK_IRQHandler                      0x080001fb   Thumb Code     0  startup_stm32f10x_hd.o(.text)
    TIM1_CC_IRQHandler                       0x080001fb   Thumb Code     0  startup_stm32f10x_hd.o(.text)
    TIM1_TRG_COM_IRQHandler                  0x080001fb   Thumb Code     0  startup_stm32f10x_hd.o(.text)
    TIM1_UP_IRQHandler                       0x080001fb   Thumb Code     0  startup_stm32f10x_hd.o(.text)
    TIM2_IRQHandler                          0x080001fb   Thumb Code     0  startup_stm32f10x_hd.o(.text)
    TIM4_IRQHandler                          0x080001fb   Thumb Code     0  startup_stm32f10x_hd.o(.text)
    TIM5_IRQHandler                          0x080001fb   Thumb Code     0  startup_stm32f10x_hd.o(.text)
    TIM6_IRQHandler                          0x080001fb   Thumb Code     0  startup_stm32f10x_hd.o(.text)
    TIM7_IRQHandler                          0x080001fb   Thumb Code     0  startup_stm32f10x_hd.o(.text)
    TIM8_BRK_IRQHandler                      0x080001fb   Thumb Code     0  startup_stm32f10x_hd.o(.text)
    TIM8_CC_IRQHandler                       0x080001fb   Thumb Code     0  startup_stm32f10x_hd.o(.text)
    TIM8_TRG_COM_IRQHandler                  0x080001fb   Thumb Code     0  startup_stm32f10x_hd.o(.text)
    TIM8_UP_IRQHandler                       0x080001fb   Thumb Code     0  startup_stm32f10x_hd.o(.text)
    UART4_IRQHandler                         0x080001fb   Thumb Code     0  startup_stm32f10x_hd.o(.text)
    UART5_IRQHandler                         0x080001fb   Thumb Code     0  startup_stm32f10x_hd.o(.text)
    USART3_IRQHandler                        0x080001fb   Thumb Code     0  startup_stm32f10x_hd.o(.text)
    USBWakeUp_IRQHandler                     0x080001fb   Thumb Code     0  startup_stm32f10x_hd.o(.text)
    USB_HP_CAN1_TX_IRQHandler                0x080001fb   Thumb Code     0  startup_stm32f10x_hd.o(.text)
    USB_LP_CAN1_RX0_IRQHandler               0x080001fb   Thumb Code     0  startup_stm32f10x_hd.o(.text)
    WWDG_IRQHandler                          0x080001fb   Thumb Code     0  startup_stm32f10x_hd.o(.text)
    tolower                                  0x08000205   Thumb Code    12  tolower.o(.text)
    __aeabi_memcpy                           0x08000211   Thumb Code    36  memcpya.o(.text)
    __aeabi_memcpy4                          0x08000211   Thumb Code     0  memcpya.o(.text)
    __aeabi_memcpy8                          0x08000211   Thumb Code     0  memcpya.o(.text)
    __aeabi_memset                           0x08000235   Thumb Code    14  memseta.o(.text)
    __aeabi_memset4                          0x08000235   Thumb Code     0  memseta.o(.text)
    __aeabi_memset8                          0x08000235   Thumb Code     0  memseta.o(.text)
    __aeabi_memclr                           0x08000243   Thumb Code     4  memseta.o(.text)
    __aeabi_memclr4                          0x08000243   Thumb Code     0  memseta.o(.text)
    __aeabi_memclr8                          0x08000243   Thumb Code     0  memseta.o(.text)
    _memset$wrapper                          0x08000247   Thumb Code    18  memseta.o(.text)
    strstr                                   0x08000259   Thumb Code    36  strstr.o(.text)
    strlen                                   0x0800027d   Thumb Code    14  strlen.o(.text)
    strcmp                                   0x0800028b   Thumb Code    28  strcmp.o(.text)
    strcpy                                   0x080002a7   Thumb Code    18  strcpy.o(.text)
    strncmp                                  0x080002b9   Thumb Code    30  strncmp.o(.text)
    __0sscanf                                0x080002d9   Thumb Code    48  __0sscanf.o(.text)
    _scanf_int                               0x08000311   Thumb Code   332  _scanf_int.o(.text)
    _scanf_real                              0x08000585   Thumb Code     0  scanf_fp.o(.text)
    _scanf_really_real                       0x08000585   Thumb Code   556  scanf_fp.o(.text)
    __aeabi_dadd                             0x080007bd   Thumb Code   322  dadd.o(.text)
    __aeabi_dsub                             0x080008ff   Thumb Code     6  dadd.o(.text)
    __aeabi_drsub                            0x08000905   Thumb Code     6  dadd.o(.text)
    __aeabi_d2iz                             0x0800090b   Thumb Code    62  dfixi.o(.text)
    __aeabi_cdcmpeq                          0x08000949   Thumb Code     0  cdcmple.o(.text)
    __aeabi_cdcmple                          0x08000949   Thumb Code    48  cdcmple.o(.text)
    __aeabi_cdrcmple                         0x08000979   Thumb Code    48  cdrcmple.o(.text)
    __aeabi_uidiv                            0x080009a9   Thumb Code     0  uidiv.o(.text)
    __aeabi_uidivmod                         0x080009a9   Thumb Code    44  uidiv.o(.text)
    __aeabi_uldivmod                         0x080009d5   Thumb Code    98  uldiv.o(.text)
    __aeabi_llsl                             0x08000a37   Thumb Code    30  llshl.o(.text)
    _ll_shift_l                              0x08000a37   Thumb Code     0  llshl.o(.text)
    __aeabi_llsr                             0x08000a55   Thumb Code    32  llushr.o(.text)
    _ll_ushift_r                             0x08000a55   Thumb Code     0  llushr.o(.text)
    __aeabi_lasr                             0x08000a75   Thumb Code    36  llsshr.o(.text)
    _ll_sshift_r                             0x08000a75   Thumb Code     0  llsshr.o(.text)
    _chval                                   0x08000a99   Thumb Code    28  _chval.o(.text)
    __vfscanf_char                           0x08000ac1   Thumb Code    20  scanf_char.o(.text)
    _sgetc                                   0x08000add   Thumb Code    30  _sgetc.o(.text)
    _sbackspace                              0x08000afb   Thumb Code    34  _sgetc.o(.text)
    __strtod_int                             0x08000b53   Thumb Code    90  strtod.o(.text)
    __I$use$fp                               0x08000bb9   Thumb Code     0  iusefp.o(.text)
    _double_round                            0x08000bb9   Thumb Code    30  depilogue.o(.text)
    _double_epilogue                         0x08000bd7   Thumb Code   156  depilogue.o(.text)
    __aeabi_dmul                             0x08000c73   Thumb Code   228  dmul.o(.text)
    __aeabi_ddiv                             0x08000d57   Thumb Code   222  ddiv.o(.text)
    __aeabi_ul2d                             0x08000e35   Thumb Code    24  dfltul.o(.text)
    __aeabi_d2ulz                            0x08000e4d   Thumb Code    48  dfixul.o(.text)
    __aeabi_d2f                              0x08000e7d   Thumb Code    56  d2f.o(.text)
    __scatterload                            0x08000eb5   Thumb Code    28  init.o(.text)
    __scatterload_rt2                        0x08000eb5   Thumb Code     0  init.o(.text)
    isspace                                  0x08000ed9   Thumb Code    10  isspace_c.o(.text)
    __vfscanf                                0x08000ee5   Thumb Code   810  _scanf.o(.text)
    _float_round                             0x08001215   Thumb Code    18  fepilogue.o(.text)
    _float_epilogue                          0x08001227   Thumb Code    92  fepilogue.o(.text)
    __ctype_lookup                           0x08001285   Thumb Code    34  ctype_c.o(.text)
    BKP_DeInit                               0x080012ad   Thumb Code    18  stm32f10x_bkp.o(i.BKP_DeInit)
    BKP_ReadBackupRegister                   0x080012c1   Thumb Code    12  stm32f10x_bkp.o(i.BKP_ReadBackupRegister)
    BKP_WriteBackupRegister                  0x080012d1   Thumb Code    12  stm32f10x_bkp.o(i.BKP_WriteBackupRegister)
    BusFault_Handler                         0x080012e1   Thumb Code     2  stm32f10x_it.o(i.BusFault_Handler)
    DebugMon_Handler                         0x080012e3   Thumb Code     2  stm32f10x_it.o(i.DebugMon_Handler)
    Flash_Data_Init                          0x080012e5   Thumb Code    46  w25q64.o(i.Flash_Data_Init)
    GPIO_Init                                0x0800131d   Thumb Code   156  stm32f10x_gpio.o(i.GPIO_Init)
    GPIO_PinRemapConfig                      0x080013b9   Thumb Code    82  stm32f10x_gpio.o(i.GPIO_PinRemapConfig)
    GPIO_SetBits                             0x08001411   Thumb Code     4  stm32f10x_gpio.o(i.GPIO_SetBits)
    HardFault_Handler                        0x08001415   Thumb Code     2  stm32f10x_it.o(i.HardFault_Handler)
    IWDG_Enable                              0x08001419   Thumb Code    10  stm32f10x_iwdg.o(i.IWDG_Enable)
    IWDG_Init                                0x08001429   Thumb Code    38  wdg.o(i.IWDG_Init)
    IWDG_ReloadCounter                       0x08001451   Thumb Code    10  stm32f10x_iwdg.o(i.IWDG_ReloadCounter)
    IWDG_SetPrescaler                        0x08001461   Thumb Code     6  stm32f10x_iwdg.o(i.IWDG_SetPrescaler)
    IWDG_SetReload                           0x0800146d   Thumb Code     6  stm32f10x_iwdg.o(i.IWDG_SetReload)
    IWDG_WriteAccessCmd                      0x08001479   Thumb Code     6  stm32f10x_iwdg.o(i.IWDG_WriteAccessCmd)
    Is_Leap_Year                             0x08001485   Thumb Code    38  rtc.o(i.Is_Leap_Year)
    MemManage_Handler                        0x080014ab   Thumb Code     2  stm32f10x_it.o(i.MemManage_Handler)
    Motor_Working                            0x080014ad   Thumb Code    22  pwm.o(i.Motor_Working)
    NMI_Handler                              0x080014c9   Thumb Code     2  stm32f10x_it.o(i.NMI_Handler)
    NVIC_Init                                0x080014cd   Thumb Code    94  misc.o(i.NVIC_Init)
    NVIC_PriorityGroupConfig                 0x08001531   Thumb Code    10  misc.o(i.NVIC_PriorityGroupConfig)
    PWR_BackupAccessCmd                      0x08001545   Thumb Code     6  stm32f10x_pwr.o(i.PWR_BackupAccessCmd)
    ParseStr                                 0x08001551   Thumb Code   632  usart.o(i.ParseStr)
    RCC_APB1PeriphClockCmd                   0x080018c5   Thumb Code    18  stm32f10x_rcc.o(i.RCC_APB1PeriphClockCmd)
    RCC_APB2PeriphClockCmd                   0x080018dd   Thumb Code    18  stm32f10x_rcc.o(i.RCC_APB2PeriphClockCmd)
    RCC_BackupResetCmd                       0x080018f5   Thumb Code     6  stm32f10x_rcc.o(i.RCC_BackupResetCmd)
    RCC_GetClocksFreq                        0x08001901   Thumb Code   132  stm32f10x_rcc.o(i.RCC_GetClocksFreq)
    RCC_GetFlagStatus                        0x08001995   Thumb Code    42  stm32f10x_rcc.o(i.RCC_GetFlagStatus)
    RCC_LSEConfig                            0x080019c5   Thumb Code    28  stm32f10x_rcc.o(i.RCC_LSEConfig)
    RCC_RTCCLKCmd                            0x080019e5   Thumb Code     6  stm32f10x_rcc.o(i.RCC_RTCCLKCmd)
    RCC_RTCCLKConfig                         0x080019f1   Thumb Code    10  stm32f10x_rcc.o(i.RCC_RTCCLKConfig)
    RTC_ClearITPendingBit                    0x08001a01   Thumb Code    10  stm32f10x_rtc.o(i.RTC_ClearITPendingBit)
    RTC_EnterConfigMode                      0x08001a11   Thumb Code    12  stm32f10x_rtc.o(i.RTC_EnterConfigMode)
    RTC_ExitConfigMode                       0x08001a21   Thumb Code    12  stm32f10x_rtc.o(i.RTC_ExitConfigMode)
    RTC_Get                                  0x08001a31   Thumb Code   202  rtc.o(i.RTC_Get)
    RTC_GetCounter                           0x08001b0d   Thumb Code    16  stm32f10x_rtc.o(i.RTC_GetCounter)
    RTC_GetITStatus                          0x08001b21   Thumb Code    28  stm32f10x_rtc.o(i.RTC_GetITStatus)
    RTC_Get_Week                             0x08001b41   Thumb Code    76  rtc.o(i.RTC_Get_Week)
    RTC_IRQHandler                           0x08001b91   Thumb Code    46  rtc.o(i.RTC_IRQHandler)
    RTC_ITConfig                             0x08001bc1   Thumb Code    18  stm32f10x_rtc.o(i.RTC_ITConfig)
    RTC_Init                                 0x08001bd9   Thumb Code   214  rtc.o(i.RTC_Init)
    RTC_Set                                  0x08001cb1   Thumb Code   186  rtc.o(i.RTC_Set)
    RTC_SetCounter                           0x08001d7d   Thumb Code    26  stm32f10x_rtc.o(i.RTC_SetCounter)
    RTC_SetPrescaler                         0x08001d9d   Thumb Code    28  stm32f10x_rtc.o(i.RTC_SetPrescaler)
    RTC_WaitForLastTask                      0x08001dbd   Thumb Code    10  stm32f10x_rtc.o(i.RTC_WaitForLastTask)
    RTC_WaitForSynchro                       0x08001dcd   Thumb Code    18  stm32f10x_rtc.o(i.RTC_WaitForSynchro)
    RTC_task                                 0x08001de5   Thumb Code   412  rtc.o(i.RTC_task)
    Rtc_Task_Init                            0x08002015   Thumb Code    24  rtc.o(i.Rtc_Task_Init)
    SPI1_Init                                0x08002041   Thumb Code   130  spi.o(i.SPI1_Init)
    SPI1_ReadWriteByte                       0x080020cd   Thumb Code    76  spi.o(i.SPI1_ReadWriteByte)
    SPI1_SetSpeed                            0x0800211d   Thumb Code    24  spi.o(i.SPI1_SetSpeed)
    SPI_Cmd                                  0x08002139   Thumb Code    20  stm32f10x_spi.o(i.SPI_Cmd)
    SPI_I2S_GetFlagStatus                    0x0800214d   Thumb Code    14  stm32f10x_spi.o(i.SPI_I2S_GetFlagStatus)
    SPI_I2S_ReceiveData                      0x0800215b   Thumb Code     4  stm32f10x_spi.o(i.SPI_I2S_ReceiveData)
    SPI_I2S_SendData                         0x0800215f   Thumb Code     4  stm32f10x_spi.o(i.SPI_I2S_SendData)
    SPI_Init                                 0x08002163   Thumb Code    56  stm32f10x_spi.o(i.SPI_Init)
    Start_Task_Init                          0x08002245   Thumb Code    30  main.o(i.Start_Task_Init)
    SysTick_CLKSourceConfig                  0x08002279   Thumb Code    24  misc.o(i.SysTick_CLKSourceConfig)
    SysTick_Handler                          0x08002291   Thumb Code    20  delay.o(i.SysTick_Handler)
    SystemInit                               0x080022a5   Thumb Code    64  system_stm32f10x.o(i.SystemInit)
    TIM3_IRQHandler                          0x080022f5   Thumb Code    30  pwm.o(i.TIM3_IRQHandler)
    TIM3_PWM_Init                            0x08002319   Thumb Code   140  pwm.o(i.TIM3_PWM_Init)
    TIM_ClearITPendingBit                    0x080023b1   Thumb Code     6  stm32f10x_tim.o(i.TIM_ClearITPendingBit)
    TIM_Cmd                                  0x080023b7   Thumb Code    20  stm32f10x_tim.o(i.TIM_Cmd)
    TIM_GetITStatus                          0x080023cb   Thumb Code    24  stm32f10x_tim.o(i.TIM_GetITStatus)
    TIM_OC2Init                              0x080023e5   Thumb Code   120  stm32f10x_tim.o(i.TIM_OC2Init)
    TIM_OC2PreloadConfig                     0x08002465   Thumb Code    20  stm32f10x_tim.o(i.TIM_OC2PreloadConfig)
    TIM_SetCompare2                          0x08002479   Thumb Code     4  stm32f10x_tim.o(i.TIM_SetCompare2)
    TIM_TimeBaseInit                         0x0800247d   Thumb Code   114  stm32f10x_tim.o(i.TIM_TimeBaseInit)
    UART_task                                0x08002519   Thumb Code   224  usart.o(i.UART_task)
    USART1_IRQHandler                        0x08002631   Thumb Code   118  usart.o(i.USART1_IRQHandler)
    USART1_SendBit                           0x080026b9   Thumb Code    26  usart.o(i.USART1_SendBit)
    USART1_SendStr                           0x080026d9   Thumb Code    34  usart.o(i.USART1_SendStr)
    USART2_IRQHandler                        0x080026fd   Thumb Code   118  usart.o(i.USART2_IRQHandler)
    USART_ClearITPendingBit                  0x08002785   Thumb Code    12  stm32f10x_usart.o(i.USART_ClearITPendingBit)
    USART_Cmd                                0x08002791   Thumb Code    20  stm32f10x_usart.o(i.USART_Cmd)
    USART_GetFlagStatus                      0x080027a5   Thumb Code    14  stm32f10x_usart.o(i.USART_GetFlagStatus)
    USART_GetITStatus                        0x080027b3   Thumb Code    62  stm32f10x_usart.o(i.USART_GetITStatus)
    USART_ITConfig                           0x080027f1   Thumb Code    48  stm32f10x_usart.o(i.USART_ITConfig)
    USART_Init                               0x08002821   Thumb Code   166  stm32f10x_usart.o(i.USART_Init)
    USART_ReceiveData                        0x080028cd   Thumb Code     8  stm32f10x_usart.o(i.USART_ReceiveData)
    USART_SendData                           0x080028d5   Thumb Code     8  stm32f10x_usart.o(i.USART_SendData)
    Uart1_Init                               0x080028dd   Thumb Code   166  usart.o(i.Uart1_Init)
    Uart2_Init                               0x0800298d   Thumb Code   166  usart.o(i.Uart2_Init)
    Uart_Task_Init                           0x08002a3d   Thumb Code    50  usart.o(i.Uart_Task_Init)
    UsageFault_Handler                       0x08002a85   Thumb Code     2  stm32f10x_it.o(i.UsageFault_Handler)
    W25QXX_Erase_Sector                      0x08002a89   Thumb Code    74  w25q64.o(i.W25QXX_Erase_Sector)
    W25QXX_Init                              0x08002ae1   Thumb Code    72  w25q64.o(i.W25QXX_Init)
    W25QXX_Read                              0x08002b35   Thumb Code    76  w25q64.o(i.W25QXX_Read)
    W25QXX_ReadID                            0x08002b85   Thumb Code    62  w25q64.o(i.W25QXX_ReadID)
    W25QXX_ReadSR                            0x08002bc9   Thumb Code    32  w25q64.o(i.W25QXX_ReadSR)
    W25QXX_Wait_Busy                         0x08002bed   Thumb Code    12  w25q64.o(i.W25QXX_Wait_Busy)
    W25QXX_Write                             0x08002bf9   Thumb Code   150  w25q64.o(i.W25QXX_Write)
    W25QXX_Write_Enable                      0x08002c95   Thumb Code    26  w25q64.o(i.W25QXX_Write_Enable)
    W25QXX_Write_NoCheck                     0x08002cb5   Thumb Code    62  w25q64.o(i.W25QXX_Write_NoCheck)
    W25QXX_Write_Page                        0x08002cf5   Thumb Code    82  w25q64.o(i.W25QXX_Write_Page)
    WDG_task                                 0x08002d4d   Thumb Code    16  wdg.o(i.WDG_task)
    Wdg_Task_Init                            0x08002d5d   Thumb Code    24  wdg.o(i.Wdg_Task_Init)
    __0printf                                0x08002d89   Thumb Code    22  printfa.o(i.__0printf)
    __1printf                                0x08002d89   Thumb Code     0  printfa.o(i.__0printf)
    __2printf                                0x08002d89   Thumb Code     0  printfa.o(i.__0printf)
    __c89printf                              0x08002d89   Thumb Code     0  printfa.o(i.__0printf)
    printf                                   0x08002d89   Thumb Code     0  printfa.o(i.__0printf)
    free                                     0x08002da9   Thumb Code    88  mallocr.o(i.__free$realloc)
    malloc                                   0x08002e05   Thumb Code    64  mallocr.o(i.__malloc$realloc)
    __scatterload_copy                       0x08002e55   Thumb Code    14  handlers.o(i.__scatterload_copy)
    __scatterload_null                       0x08002e63   Thumb Code     2  handlers.o(i.__scatterload_null)
    __scatterload_zeroinit                   0x08002e65   Thumb Code    14  handlers.o(i.__scatterload_zeroinit)
    _is_digit                                0x08002ff9   Thumb Code    14  scanf_fp.o(i._is_digit)
    cJSON_Delete                             0x08003741   Thumb Code    66  cjson.o(i.cJSON_Delete)
    cJSON_GetErrorPtr                        0x08003789   Thumb Code    10  cjson.o(i.cJSON_GetErrorPtr)
    cJSON_GetObjectItem                      0x08003799   Thumb Code     6  cjson.o(i.cJSON_GetObjectItem)
    cJSON_Parse                              0x080037b5   Thumb Code     8  cjson.o(i.cJSON_Parse)
    cJSON_ParseWithLengthOpts                0x080037bd   Thumb Code   210  cjson.o(i.cJSON_ParseWithLengthOpts)
    cJSON_ParseWithOpts                      0x08003899   Thumb Code    34  cjson.o(i.cJSON_ParseWithOpts)
    delay_init                               0x080038bd   Thumb Code    60  delay.o(i.delay_init)
    delay_ms                                 0x08003905   Thumb Code    52  delay.o(i.delay_ms)
    delay_us                                 0x0800393d   Thumb Code    48  delay.o(i.delay_us)
    fputc                                    0x08003971   Thumb Code    18  usart.o(i.fputc)
    main                                     0x08003a55   Thumb Code    70  main.o(i.main)
    pvPortMalloc                             0x0800482d   Thumb Code   214  heap_4.o(i.pvPortMalloc)
    pvTaskIncrementMutexHeldCount            0x08004941   Thumb Code    18  tasks.o(i.pvTaskIncrementMutexHeldCount)
    pxPortInitialiseStack                    0x08004959   Thumb Code    32  port.o(i.pxPortInitialiseStack)
    realloc                                  0x0800497d   Thumb Code   102  mallocr.o(i.realloc)
    start_task                               0x080049e9   Thumb Code    34  main.o(i.start_task)
    strtod                                   0x08004a11   Thumb Code    28  strtod.o(i.strtod)
    uxListRemove                             0x08004afd   Thumb Code    36  list.o(i.uxListRemove)
    vListInitialise                          0x08004b21   Thumb Code    22  list.o(i.vListInitialise)
    vListInitialiseItem                      0x08004b37   Thumb Code     6  list.o(i.vListInitialiseItem)
    vListInsert                              0x08004b3d   Thumb Code    48  list.o(i.vListInsert)
    vListInsertEnd                           0x08004b6d   Thumb Code    24  list.o(i.vListInsertEnd)
    vPortEnterCritical                       0x08004b85   Thumb Code    50  port.o(i.vPortEnterCritical)
    vPortExitCritical                        0x08004bfd   Thumb Code    34  port.o(i.vPortExitCritical)
    vPortFree                                0x08004c61   Thumb Code    94  heap_4.o(i.vPortFree)
    vPortSetupTimerInterrupt                 0x08004cfd   Thumb Code    26  port.o(i.vPortSetupTimerInterrupt)
    vPortValidateInterruptPriority           0x08004d1d   Thumb Code    70  port.o(i.vPortValidateInterruptPriority)
    vQueueAddToRegistry                      0x08004da9   Thumb Code    32  queue.o(i.vQueueAddToRegistry)
    vQueueWaitForMessageRestricted           0x08004dcd   Thumb Code    68  queue.o(i.vQueueWaitForMessageRestricted)
    vTaskDelay                               0x08004e11   Thumb Code    62  tasks.o(i.vTaskDelay)
    vTaskDelete                              0x08004e7d   Thumb Code   152  tasks.o(i.vTaskDelete)
    vTaskMissedYield                         0x08004f49   Thumb Code     8  tasks.o(i.vTaskMissedYield)
    vTaskPlaceOnEventList                    0x08004f55   Thumb Code    44  tasks.o(i.vTaskPlaceOnEventList)
    vTaskPlaceOnEventListRestricted          0x08004fa9   Thumb Code    52  tasks.o(i.vTaskPlaceOnEventListRestricted)
    vTaskPriorityInherit                     0x08005005   Thumb Code   124  tasks.o(i.vTaskPriorityInherit)
    vTaskSetTimeOutState                     0x08005089   Thumb Code    30  tasks.o(i.vTaskSetTimeOutState)
    vTaskStartScheduler                      0x080050d1   Thumb Code    96  tasks.o(i.vTaskStartScheduler)
    vTaskSuspendAll                          0x08005165   Thumb Code    10  tasks.o(i.vTaskSuspendAll)
    vTaskSwitchContext                       0x08005175   Thumb Code    80  tasks.o(i.vTaskSwitchContext)
    xPortStartScheduler                      0x080051f1   Thumb Code   108  port.o(i.xPortStartScheduler)
    xPortSysTickHandler                      0x08005269   Thumb Code    38  port.o(i.xPortSysTickHandler)
    xQueueGenericCreate                      0x08005295   Thumb Code    82  queue.o(i.xQueueGenericCreate)
    xQueueGenericReceive                     0x0800530d   Thumb Code   348  queue.o(i.xQueueGenericReceive)
    xQueueGenericReset                       0x08005491   Thumb Code   128  queue.o(i.xQueueGenericReset)
    xQueueGenericSend                        0x08005539   Thumb Code   350  queue.o(i.xQueueGenericSend)
    xQueueGenericSendFromISR                 0x080056c1   Thumb Code   188  queue.o(i.xQueueGenericSendFromISR)
    xQueueReceiveFromISR                     0x080057a1   Thumb Code   144  queue.o(i.xQueueReceiveFromISR)
    xTaskCheckForTimeOut                     0x08005855   Thumb Code    94  tasks.o(i.xTaskCheckForTimeOut)
    xTaskCreate                              0x080058dd   Thumb Code    86  tasks.o(i.xTaskCreate)
    xTaskGetSchedulerState                   0x08005935   Thumb Code    22  tasks.o(i.xTaskGetSchedulerState)
    xTaskGetTickCount                        0x08005951   Thumb Code     6  tasks.o(i.xTaskGetTickCount)
    xTaskIncrementTick                       0x0800595d   Thumb Code   188  tasks.o(i.xTaskIncrementTick)
    xTaskPriorityDisinherit                  0x08005a45   Thumb Code   136  tasks.o(i.xTaskPriorityDisinherit)
    xTaskRemoveFromEventList                 0x08005af9   Thumb Code   102  tasks.o(i.xTaskRemoveFromEventList)
    xTaskResumeAll                           0x08005b91   Thumb Code   180  tasks.o(i.xTaskResumeAll)
    xTimerCreate                             0x08005c75   Thumb Code    74  timers.o(i.xTimerCreate)
    xTimerCreateTimerTask                    0x08005ce9   Thumb Code    58  timers.o(i.xTimerCreateTimerTask)
    xTimerGenericCommand                     0x08005d5d   Thumb Code    98  timers.o(i.xTimerGenericCommand)
    table_week                               0x08005dec   Data          12  rtc.o(.constdata)
    mon_table                                0x08005df8   Data          12  rtc.o(.constdata)
    __ctype_categories                       0x08005e04   Data          64  ctype_c.o(.constdata)
    Region$$Table$$Base                      0x08005f00   Number         0  anon$$obj.o(Region$$Table)
    Region$$Table$$Limit                     0x08005f20   Number         0  anon$$obj.o(Region$$Table)
    StartTaskHandler                         0x20000000   Data           4  main.o(.data)
    SystemCoreClock                          0x20000004   Data           4  system_stm32f10x.o(.data)
    AHBPrescTable                            0x20000008   Data          16  system_stm32f10x.o(.data)
    StartRtcHandler                          0x2000001c   Data           4  rtc.o(.data)
    StartWdgHandler                          0x20000020   Data           4  wdg.o(.data)
    W25QXX_TYPE                              0x20000024   Data           2  w25q64.o(.data)
    USART_RX_STA                             0x2000002c   Data           2  usart.o(.data)
    USART2_RX_STA                            0x2000002e   Data           2  usart.o(.data)
    StartUartHandler                         0x20000030   Data           4  usart.o(.data)
    Message_Queue                            0x20000034   Data           4  usart.o(.data)
    Message_Queue_Uart2                      0x20000038   Data           4  usart.o(.data)
    __stdout                                 0x2000003c   Data           4  usart.o(.data)
    pxCurrentTCB                             0x20000054   Data           4  tasks.o(.data)
    __microlib_freelist                      0x200000dc   Data           4  mvars.o(.data)
    __microlib_freelist_initialised          0x200000e0   Data           4  mvars.o(.data)
    work_time                                0x200000e4   Data          16  rtc.o(.bss)
    calendar                                 0x200000f4   Data          10  rtc.o(.bss)
    W25QXX_BUFFER                            0x200000fe   Data        4096  w25q64.o(.bss)
    Cjson_Buf                                0x200010fe   Data         302  usart.o(.bss)
    USART_RX_BUF                             0x2000122c   Data         200  usart.o(.bss)
    USART2_RX_BUF                            0x200012f4   Data         200  usart.o(.bss)
    xQueueRegistry                           0x200013bc   Data          64  queue.o(.bss)
    __heap_base                              0x20006708   Data           0  startup_stm32f10x_hd.o(HEAP)
    __heap_limit                             0x20006f08   Data           0  startup_stm32f10x_hd.o(HEAP)
    __initial_sp                             0x20007708   Data           0  startup_stm32f10x_hd.o(STACK)



==============================================================================

Memory Map of the image

  Image Entry point : 0x080001e1

  Load Region LR_1 (Base: 0x08000000, Size: 0x00006004, Max: 0xffffffff, ABSOLUTE)

    Execution Region ER_RO (Exec base: 0x08000000, Load base: 0x08000000, Size: 0x00005f20, Max: 0xffffffff, ABSOLUTE)

    Exec Addr    Load Addr    Size         Type   Attr      Idx    E Section Name        Object

    0x08000000   0x08000000   0x00000130   Data   RO          904    RESET               startup_stm32f10x_hd.o
    0x08000130   0x08000130   0x00000000   Code   RO         4850  * .ARM.Collect$$$$00000000  mc_w.l(entry.o)
    0x08000130   0x08000130   0x00000004   Code   RO         5182    .ARM.Collect$$$$00000001  mc_w.l(entry2.o)
    0x08000134   0x08000134   0x00000004   Code   RO         5185    .ARM.Collect$$$$00000004  mc_w.l(entry5.o)
    0x08000138   0x08000138   0x00000000   Code   RO         5187    .ARM.Collect$$$$00000008  mc_w.l(entry7b.o)
    0x08000138   0x08000138   0x00000000   Code   RO         5189    .ARM.Collect$$$$0000000A  mc_w.l(entry8b.o)
    0x08000138   0x08000138   0x00000008   Code   RO         5190    .ARM.Collect$$$$0000000B  mc_w.l(entry9a.o)
    0x08000140   0x08000140   0x00000004   Code   RO         5197    .ARM.Collect$$$$0000000E  mc_w.l(entry12b.o)
    0x08000144   0x08000144   0x00000000   Code   RO         5192    .ARM.Collect$$$$0000000F  mc_w.l(entry10a.o)
    0x08000144   0x08000144   0x00000000   Code   RO         5194    .ARM.Collect$$$$00000011  mc_w.l(entry11a.o)
    0x08000144   0x08000144   0x00000004   Code   RO         5183    .ARM.Collect$$$$00002712  mc_w.l(entry2.o)
    0x08000148   0x08000148   0x00000096   Code   RO         4147    .emb_text           port.o
    0x080001de   0x080001de   0x00000002   PAD
    0x080001e0   0x080001e0   0x00000024   Code   RO          905  * .text               startup_stm32f10x_hd.o
    0x08000204   0x08000204   0x0000000c   Code   RO         4853    .text               mc_w.l(tolower.o)
    0x08000210   0x08000210   0x00000024   Code   RO         4855    .text               mc_w.l(memcpya.o)
    0x08000234   0x08000234   0x00000024   Code   RO         4857    .text               mc_w.l(memseta.o)
    0x08000258   0x08000258   0x00000024   Code   RO         4859    .text               mc_w.l(strstr.o)
    0x0800027c   0x0800027c   0x0000000e   Code   RO         4861    .text               mc_w.l(strlen.o)
    0x0800028a   0x0800028a   0x0000001c   Code   RO         4863    .text               mc_w.l(strcmp.o)
    0x080002a6   0x080002a6   0x00000012   Code   RO         4865    .text               mc_w.l(strcpy.o)
    0x080002b8   0x080002b8   0x0000001e   Code   RO         4867    .text               mc_w.l(strncmp.o)
    0x080002d6   0x080002d6   0x00000002   PAD
    0x080002d8   0x080002d8   0x00000038   Code   RO         5160    .text               mc_w.l(__0sscanf.o)
    0x08000310   0x08000310   0x0000014c   Code   RO         5162    .text               mc_w.l(_scanf_int.o)
    0x0800045c   0x0800045c   0x00000360   Code   RO         5164    .text               mc_w.l(scanf_fp.o)
    0x080007bc   0x080007bc   0x0000014e   Code   RO         5168    .text               mf_w.l(dadd.o)
    0x0800090a   0x0800090a   0x0000003e   Code   RO         5174    .text               mf_w.l(dfixi.o)
    0x08000948   0x08000948   0x00000030   Code   RO         5178    .text               mf_w.l(cdcmple.o)
    0x08000978   0x08000978   0x00000030   Code   RO         5180    .text               mf_w.l(cdrcmple.o)
    0x080009a8   0x080009a8   0x0000002c   Code   RO         5198    .text               mc_w.l(uidiv.o)
    0x080009d4   0x080009d4   0x00000062   Code   RO         5200    .text               mc_w.l(uldiv.o)
    0x08000a36   0x08000a36   0x0000001e   Code   RO         5202    .text               mc_w.l(llshl.o)
    0x08000a54   0x08000a54   0x00000020   Code   RO         5204    .text               mc_w.l(llushr.o)
    0x08000a74   0x08000a74   0x00000024   Code   RO         5206    .text               mc_w.l(llsshr.o)
    0x08000a98   0x08000a98   0x0000001c   Code   RO         5210    .text               mc_w.l(_chval.o)
    0x08000ab4   0x08000ab4   0x00000028   Code   RO         5212    .text               mc_w.l(scanf_char.o)
    0x08000adc   0x08000adc   0x00000040   Code   RO         5214    .text               mc_w.l(_sgetc.o)
    0x08000b1c   0x08000b1c   0x0000009c   Code   RO         5216    .text               mc_w.l(strtod.o)
    0x08000bb8   0x08000bb8   0x00000000   Code   RO         5218    .text               mc_w.l(iusefp.o)
    0x08000bb8   0x08000bb8   0x000000ba   Code   RO         5219    .text               mf_w.l(depilogue.o)
    0x08000c72   0x08000c72   0x000000e4   Code   RO         5221    .text               mf_w.l(dmul.o)
    0x08000d56   0x08000d56   0x000000de   Code   RO         5223    .text               mf_w.l(ddiv.o)
    0x08000e34   0x08000e34   0x00000018   Code   RO         5225    .text               mf_w.l(dfltul.o)
    0x08000e4c   0x08000e4c   0x00000030   Code   RO         5227    .text               mf_w.l(dfixul.o)
    0x08000e7c   0x08000e7c   0x00000038   Code   RO         5229    .text               mf_w.l(d2f.o)
    0x08000eb4   0x08000eb4   0x00000024   Code   RO         5231    .text               mc_w.l(init.o)
    0x08000ed8   0x08000ed8   0x0000000a   Code   RO         5233    .text               mc_w.l(isspace_c.o)
    0x08000ee2   0x08000ee2   0x00000002   PAD
    0x08000ee4   0x08000ee4   0x00000330   Code   RO         5235    .text               mc_w.l(_scanf.o)
    0x08001214   0x08001214   0x0000006e   Code   RO         5237    .text               mf_w.l(fepilogue.o)
    0x08001282   0x08001282   0x00000002   PAD
    0x08001284   0x08001284   0x00000028   Code   RO         5239    .text               mc_w.l(ctype_c.o)
    0x080012ac   0x080012ac   0x00000012   Code   RO         1491    i.BKP_DeInit        stm32f10x_bkp.o
    0x080012be   0x080012be   0x00000002   PAD
    0x080012c0   0x080012c0   0x00000010   Code   RO         1496    i.BKP_ReadBackupRegister  stm32f10x_bkp.o
    0x080012d0   0x080012d0   0x00000010   Code   RO         1500    i.BKP_WriteBackupRegister  stm32f10x_bkp.o
    0x080012e0   0x080012e0   0x00000002   Code   RO          177    i.BusFault_Handler  stm32f10x_it.o
    0x080012e2   0x080012e2   0x00000002   Code   RO          178    i.DebugMon_Handler  stm32f10x_it.o
    0x080012e4   0x080012e4   0x00000038   Code   RO          601    i.Flash_Data_Init   w25q64.o
    0x0800131c   0x0800131c   0x0000009c   Code   RO          977    i.GPIO_Init         stm32f10x_gpio.o
    0x080013b8   0x080013b8   0x00000058   Code   RO          979    i.GPIO_PinRemapConfig  stm32f10x_gpio.o
    0x08001410   0x08001410   0x00000004   Code   RO          985    i.GPIO_SetBits      stm32f10x_gpio.o
    0x08001414   0x08001414   0x00000002   Code   RO          179    i.HardFault_Handler  stm32f10x_it.o
    0x08001416   0x08001416   0x00000002   PAD
    0x08001418   0x08001418   0x00000010   Code   RO         2333    i.IWDG_Enable       stm32f10x_iwdg.o
    0x08001428   0x08001428   0x00000026   Code   RO          498    i.IWDG_Init         wdg.o
    0x0800144e   0x0800144e   0x00000002   PAD
    0x08001450   0x08001450   0x00000010   Code   RO         2335    i.IWDG_ReloadCounter  stm32f10x_iwdg.o
    0x08001460   0x08001460   0x0000000c   Code   RO         2336    i.IWDG_SetPrescaler  stm32f10x_iwdg.o
    0x0800146c   0x0800146c   0x0000000c   Code   RO         2337    i.IWDG_SetReload    stm32f10x_iwdg.o
    0x08001478   0x08001478   0x0000000c   Code   RO         2338    i.IWDG_WriteAccessCmd  stm32f10x_iwdg.o
    0x08001484   0x08001484   0x00000026   Code   RO          368    i.Is_Leap_Year      rtc.o
    0x080014aa   0x080014aa   0x00000002   Code   RO          180    i.MemManage_Handler  stm32f10x_it.o
    0x080014ac   0x080014ac   0x0000001c   Code   RO          457    i.Motor_Working     pwm.o
    0x080014c8   0x080014c8   0x00000002   Code   RO          181    i.NMI_Handler       stm32f10x_it.o
    0x080014ca   0x080014ca   0x00000002   PAD
    0x080014cc   0x080014cc   0x00000064   Code   RO          909    i.NVIC_Init         misc.o
    0x08001530   0x08001530   0x00000014   Code   RO          910    i.NVIC_PriorityGroupConfig  misc.o
    0x08001544   0x08001544   0x0000000c   Code   RO         2375    i.PWR_BackupAccessCmd  stm32f10x_pwr.o
    0x08001550   0x08001550   0x00000374   Code   RO          774    i.ParseStr          usart.o
    0x080018c4   0x080018c4   0x00000018   Code   RO         1111    i.RCC_APB1PeriphClockCmd  stm32f10x_rcc.o
    0x080018dc   0x080018dc   0x00000018   Code   RO         1113    i.RCC_APB2PeriphClockCmd  stm32f10x_rcc.o
    0x080018f4   0x080018f4   0x0000000c   Code   RO         1116    i.RCC_BackupResetCmd  stm32f10x_rcc.o
    0x08001900   0x08001900   0x00000094   Code   RO         1121    i.RCC_GetClocksFreq  stm32f10x_rcc.o
    0x08001994   0x08001994   0x00000030   Code   RO         1122    i.RCC_GetFlagStatus  stm32f10x_rcc.o
    0x080019c4   0x080019c4   0x00000020   Code   RO         1129    i.RCC_LSEConfig     stm32f10x_rcc.o
    0x080019e4   0x080019e4   0x0000000c   Code   RO         1136    i.RCC_RTCCLKCmd     stm32f10x_rcc.o
    0x080019f0   0x080019f0   0x00000010   Code   RO         1137    i.RCC_RTCCLKConfig  stm32f10x_rcc.o
    0x08001a00   0x08001a00   0x00000010   Code   RO         2436    i.RTC_ClearITPendingBit  stm32f10x_rtc.o
    0x08001a10   0x08001a10   0x00000010   Code   RO         2437    i.RTC_EnterConfigMode  stm32f10x_rtc.o
    0x08001a20   0x08001a20   0x00000010   Code   RO         2438    i.RTC_ExitConfigMode  stm32f10x_rtc.o
    0x08001a30   0x08001a30   0x000000dc   Code   RO          370    i.RTC_Get           rtc.o
    0x08001b0c   0x08001b0c   0x00000014   Code   RO         2439    i.RTC_GetCounter    stm32f10x_rtc.o
    0x08001b20   0x08001b20   0x00000020   Code   RO         2442    i.RTC_GetITStatus   stm32f10x_rtc.o
    0x08001b40   0x08001b40   0x00000050   Code   RO          371    i.RTC_Get_Week      rtc.o
    0x08001b90   0x08001b90   0x0000002e   Code   RO          372    i.RTC_IRQHandler    rtc.o
    0x08001bbe   0x08001bbe   0x00000002   PAD
    0x08001bc0   0x08001bc0   0x00000018   Code   RO         2443    i.RTC_ITConfig      stm32f10x_rtc.o
    0x08001bd8   0x08001bd8   0x000000d6   Code   RO          373    i.RTC_Init          rtc.o
    0x08001cae   0x08001cae   0x00000002   PAD
    0x08001cb0   0x08001cb0   0x000000cc   Code   RO          374    i.RTC_Set           rtc.o
    0x08001d7c   0x08001d7c   0x00000020   Code   RO         2445    i.RTC_SetCounter    stm32f10x_rtc.o
    0x08001d9c   0x08001d9c   0x00000020   Code   RO         2446    i.RTC_SetPrescaler  stm32f10x_rtc.o
    0x08001dbc   0x08001dbc   0x00000010   Code   RO         2447    i.RTC_WaitForLastTask  stm32f10x_rtc.o
    0x08001dcc   0x08001dcc   0x00000018   Code   RO         2448    i.RTC_WaitForSynchro  stm32f10x_rtc.o
    0x08001de4   0x08001de4   0x00000230   Code   RO          375    i.RTC_task          rtc.o
    0x08002014   0x08002014   0x0000002c   Code   RO          376    i.Rtc_Task_Init     rtc.o
    0x08002040   0x08002040   0x0000008c   Code   RO          574    i.SPI1_Init         spi.o
    0x080020cc   0x080020cc   0x00000050   Code   RO          575    i.SPI1_ReadWriteByte  spi.o
    0x0800211c   0x0800211c   0x0000001c   Code   RO          576    i.SPI1_SetSpeed     spi.o
    0x08002138   0x08002138   0x00000014   Code   RO         2529    i.SPI_Cmd           stm32f10x_spi.o
    0x0800214c   0x0800214c   0x0000000e   Code   RO         2537    i.SPI_I2S_GetFlagStatus  stm32f10x_spi.o
    0x0800215a   0x0800215a   0x00000004   Code   RO         2540    i.SPI_I2S_ReceiveData  stm32f10x_spi.o
    0x0800215e   0x0800215e   0x00000004   Code   RO         2541    i.SPI_I2S_SendData  stm32f10x_spi.o
    0x08002162   0x08002162   0x00000038   Code   RO         2542    i.SPI_Init          stm32f10x_spi.o
    0x0800219a   0x0800219a   0x00000002   PAD
    0x0800219c   0x0800219c   0x000000a8   Code   RO          305    i.SetSysClockTo72   system_stm32f10x.o
    0x08002244   0x08002244   0x00000034   Code   RO            1    i.Start_Task_Init   main.o
    0x08002278   0x08002278   0x00000018   Code   RO          913    i.SysTick_CLKSourceConfig  misc.o
    0x08002290   0x08002290   0x00000014   Code   RO          707    i.SysTick_Handler   delay.o
    0x080022a4   0x080022a4   0x00000050   Code   RO          307    i.SystemInit        system_stm32f10x.o
    0x080022f4   0x080022f4   0x00000024   Code   RO          458    i.TIM3_IRQHandler   pwm.o
    0x08002318   0x08002318   0x00000098   Code   RO          460    i.TIM3_PWM_Init     pwm.o
    0x080023b0   0x080023b0   0x00000006   Code   RO         2677    i.TIM_ClearITPendingBit  stm32f10x_tim.o
    0x080023b6   0x080023b6   0x00000014   Code   RO         2682    i.TIM_Cmd           stm32f10x_tim.o
    0x080023ca   0x080023ca   0x00000018   Code   RO         2703    i.TIM_GetITStatus   stm32f10x_tim.o
    0x080023e2   0x080023e2   0x00000002   PAD
    0x080023e4   0x080023e4   0x00000080   Code   RO         2716    i.TIM_OC2Init       stm32f10x_tim.o
    0x08002464   0x08002464   0x00000014   Code   RO         2719    i.TIM_OC2PreloadConfig  stm32f10x_tim.o
    0x08002478   0x08002478   0x00000004   Code   RO         2744    i.TIM_SetCompare2   stm32f10x_tim.o
    0x0800247c   0x0800247c   0x0000009c   Code   RO         2753    i.TIM_TimeBaseInit  stm32f10x_tim.o
    0x08002518   0x08002518   0x00000118   Code   RO          775    i.UART_task         usart.o
    0x08002630   0x08002630   0x00000088   Code   RO          776    i.USART1_IRQHandler  usart.o
    0x080026b8   0x080026b8   0x00000020   Code   RO          777    i.USART1_SendBit    usart.o
    0x080026d8   0x080026d8   0x00000022   Code   RO          778    i.USART1_SendStr    usart.o
    0x080026fa   0x080026fa   0x00000002   PAD
    0x080026fc   0x080026fc   0x00000088   Code   RO          779    i.USART2_IRQHandler  usart.o
    0x08002784   0x08002784   0x0000000c   Code   RO         1310    i.USART_ClearITPendingBit  stm32f10x_usart.o
    0x08002790   0x08002790   0x00000014   Code   RO         1313    i.USART_Cmd         stm32f10x_usart.o
    0x080027a4   0x080027a4   0x0000000e   Code   RO         1316    i.USART_GetFlagStatus  stm32f10x_usart.o
    0x080027b2   0x080027b2   0x0000003e   Code   RO         1317    i.USART_GetITStatus  stm32f10x_usart.o
    0x080027f0   0x080027f0   0x00000030   Code   RO         1319    i.USART_ITConfig    stm32f10x_usart.o
    0x08002820   0x08002820   0x000000ac   Code   RO         1320    i.USART_Init        stm32f10x_usart.o
    0x080028cc   0x080028cc   0x00000008   Code   RO         1327    i.USART_ReceiveData  stm32f10x_usart.o
    0x080028d4   0x080028d4   0x00000008   Code   RO         1330    i.USART_SendData    stm32f10x_usart.o
    0x080028dc   0x080028dc   0x000000b0   Code   RO          782    i.Uart1_Init        usart.o
    0x0800298c   0x0800298c   0x000000b0   Code   RO          783    i.Uart2_Init        usart.o
    0x08002a3c   0x08002a3c   0x00000048   Code   RO          784    i.Uart_Task_Init    usart.o
    0x08002a84   0x08002a84   0x00000002   Code   RO          182    i.UsageFault_Handler  stm32f10x_it.o
    0x08002a86   0x08002a86   0x00000002   PAD
    0x08002a88   0x08002a88   0x00000058   Code   RO          603    i.W25QXX_Erase_Sector  w25q64.o
    0x08002ae0   0x08002ae0   0x00000054   Code   RO          604    i.W25QXX_Init       w25q64.o
    0x08002b34   0x08002b34   0x00000050   Code   RO          606    i.W25QXX_Read       w25q64.o
    0x08002b84   0x08002b84   0x00000044   Code   RO          607    i.W25QXX_ReadID     w25q64.o
    0x08002bc8   0x08002bc8   0x00000024   Code   RO          608    i.W25QXX_ReadSR     w25q64.o
    0x08002bec   0x08002bec   0x0000000c   Code   RO          610    i.W25QXX_Wait_Busy  w25q64.o
    0x08002bf8   0x08002bf8   0x0000009c   Code   RO          611    i.W25QXX_Write      w25q64.o
    0x08002c94   0x08002c94   0x00000020   Code   RO          613    i.W25QXX_Write_Enable  w25q64.o
    0x08002cb4   0x08002cb4   0x0000003e   Code   RO          614    i.W25QXX_Write_NoCheck  w25q64.o
    0x08002cf2   0x08002cf2   0x00000002   PAD
    0x08002cf4   0x08002cf4   0x00000058   Code   RO          615    i.W25QXX_Write_Page  w25q64.o
    0x08002d4c   0x08002d4c   0x00000010   Code   RO          499    i.WDG_task          wdg.o
    0x08002d5c   0x08002d5c   0x0000002c   Code   RO          500    i.Wdg_Task_Init     wdg.o
    0x08002d88   0x08002d88   0x00000020   Code   RO         5104    i.__0printf         mc_w.l(printfa.o)
    0x08002da8   0x08002da8   0x0000005c   Code   RO         5136    i.__free$realloc    mc_w.l(mallocr.o)
    0x08002e04   0x08002e04   0x00000050   Code   RO         5137    i.__malloc$realloc  mc_w.l(mallocr.o)
    0x08002e54   0x08002e54   0x0000000e   Code   RO         5244    i.__scatterload_copy  mc_w.l(handlers.o)
    0x08002e62   0x08002e62   0x00000002   Code   RO         5245    i.__scatterload_null  mc_w.l(handlers.o)
    0x08002e64   0x08002e64   0x0000000e   Code   RO         5246    i.__scatterload_zeroinit  mc_w.l(handlers.o)
    0x08002e72   0x08002e72   0x00000002   PAD
    0x08002e74   0x08002e74   0x00000184   Code   RO         5111    i._fp_digits        mc_w.l(printfa.o)
    0x08002ff8   0x08002ff8   0x0000000e   Code   RO         5166    i._is_digit         mc_w.l(scanf_fp.o)
    0x08003006   0x08003006   0x00000002   PAD
    0x08003008   0x08003008   0x000006b4   Code   RO         5112    i._printf_core      mc_w.l(printfa.o)
    0x080036bc   0x080036bc   0x00000024   Code   RO         5113    i._printf_post_padding  mc_w.l(printfa.o)
    0x080036e0   0x080036e0   0x0000002e   Code   RO         5114    i._printf_pre_padding  mc_w.l(printfa.o)
    0x0800370e   0x0800370e   0x00000030   Code   RO         4226    i.buffer_skip_whitespace  cjson.o
    0x0800373e   0x0800373e   0x00000002   PAD
    0x08003740   0x08003740   0x00000048   Code   RO         4258    i.cJSON_Delete      cjson.o
    0x08003788   0x08003788   0x00000010   Code   RO         4269    i.cJSON_GetErrorPtr  cjson.o
    0x08003798   0x08003798   0x00000006   Code   RO         4271    i.cJSON_GetObjectItem  cjson.o
    0x0800379e   0x0800379e   0x00000016   Code   RO         4288    i.cJSON_New_Item    cjson.o
    0x080037b4   0x080037b4   0x00000008   Code   RO         4289    i.cJSON_Parse       cjson.o
    0x080037bc   0x080037bc   0x000000dc   Code   RO         4291    i.cJSON_ParseWithLengthOpts  cjson.o
    0x08003898   0x08003898   0x00000022   Code   RO         4292    i.cJSON_ParseWithOpts  cjson.o
    0x080038ba   0x080038ba   0x00000002   PAD
    0x080038bc   0x080038bc   0x00000048   Code   RO          708    i.delay_init        delay.o
    0x08003904   0x08003904   0x00000038   Code   RO          709    i.delay_ms          delay.o
    0x0800393c   0x0800393c   0x00000034   Code   RO          710    i.delay_us          delay.o
    0x08003970   0x08003970   0x00000018   Code   RO          787    i.fputc             usart.o
    0x08003988   0x08003988   0x0000007a   Code   RO         4311    i.get_object_item   cjson.o
    0x08003a02   0x08003a02   0x00000002   PAD
    0x08003a04   0x08003a04   0x00000050   Code   RO         5138    i.internal_alloc    mc_w.l(mallocr.o)
    0x08003a54   0x08003a54   0x00000046   Code   RO            2    i.main              main.o
    0x08003a9a   0x08003a9a   0x000000d0   Code   RO         4313    i.parse_array       cjson.o
    0x08003b6a   0x08003b6a   0x00000040   Code   RO         4314    i.parse_hex4        cjson.o
    0x08003baa   0x08003baa   0x00000002   PAD
    0x08003bac   0x08003bac   0x000000f0   Code   RO         4315    i.parse_number      cjson.o
    0x08003c9c   0x08003c9c   0x0000010a   Code   RO         4316    i.parse_object      cjson.o
    0x08003da6   0x08003da6   0x00000126   Code   RO         4317    i.parse_string      cjson.o
    0x08003ecc   0x08003ecc   0x000000fc   Code   RO         4318    i.parse_value       cjson.o
    0x08003fc8   0x08003fc8   0x00000070   Code   RO         3633    i.prvAddCurrentTaskToDelayedList  tasks.o
    0x08004038   0x08004038   0x000000d0   Code   RO         3634    i.prvAddNewTaskToReadyList  tasks.o
    0x08004108   0x08004108   0x00000050   Code   RO         3978    i.prvCheckForValidListAndQueue  timers.o
    0x08004158   0x08004158   0x00000054   Code   RO         3635    i.prvCheckTasksWaitingTermination  tasks.o
    0x080041ac   0x080041ac   0x00000026   Code   RO         3415    i.prvCopyDataFromQueue  queue.o
    0x080041d2   0x080041d2   0x0000006c   Code   RO         3416    i.prvCopyDataToQueue  queue.o
    0x0800423e   0x0800423e   0x00000014   Code   RO         3636    i.prvDeleteTCB      tasks.o
    0x08004252   0x08004252   0x00000002   PAD
    0x08004254   0x08004254   0x0000004c   Code   RO         4098    i.prvHeapInit       heap_4.o
    0x080042a0   0x080042a0   0x00000028   Code   RO         3637    i.prvIdleTask       tasks.o
    0x080042c8   0x080042c8   0x000000c0   Code   RO         3638    i.prvInitialiseNewTask  tasks.o
    0x08004388   0x08004388   0x0000004c   Code   RO         4099    i.prvInsertBlockIntoFreeList  heap_4.o
    0x080043d4   0x080043d4   0x00000038   Code   RO         3979    i.prvInsertTimerInActiveList  timers.o
    0x0800440c   0x0800440c   0x0000001a   Code   RO         3417    i.prvIsQueueEmpty   queue.o
    0x08004426   0x08004426   0x00000002   PAD
    0x08004428   0x08004428   0x00000090   Code   RO         3418    i.prvNotifyQueueSetContainer  queue.o
    0x080044b8   0x080044b8   0x00000060   Code   RO         3980    i.prvProcessExpiredTimer  timers.o
    0x08004518   0x08004518   0x000000f0   Code   RO         3981    i.prvProcessReceivedCommands  timers.o
    0x08004608   0x08004608   0x0000006c   Code   RO         3982    i.prvProcessTimerOrBlockTask  timers.o
    0x08004674   0x08004674   0x00000020   Code   RO         3640    i.prvResetNextTaskUnblockTime  tasks.o
    0x08004694   0x08004694   0x00000028   Code   RO         3983    i.prvSampleTimeNow  timers.o
    0x080046bc   0x080046bc   0x0000006c   Code   RO         3984    i.prvSwitchTimerLists  timers.o
    0x08004728   0x08004728   0x00000064   Code   RO         4148    i.prvTaskExitError  port.o
    0x0800478c   0x0800478c   0x00000028   Code   RO         3985    i.prvTimerTask      timers.o
    0x080047b4   0x080047b4   0x00000078   Code   RO         3419    i.prvUnlockQueue    queue.o
    0x0800482c   0x0800482c   0x00000114   Code   RO         4100    i.pvPortMalloc      heap_4.o
    0x08004940   0x08004940   0x00000018   Code   RO         3642    i.pvTaskIncrementMutexHeldCount  tasks.o
    0x08004958   0x08004958   0x00000024   Code   RO         4149    i.pxPortInitialiseStack  port.o
    0x0800497c   0x0800497c   0x0000006c   Code   RO         5139    i.realloc           mc_w.l(mallocr.o)
    0x080049e8   0x080049e8   0x00000028   Code   RO            3    i.start_task        main.o
    0x08004a10   0x08004a10   0x0000001c   Code   RO         4847    i.strtod            m_ws.l(strtod.o)
    0x08004a2c   0x08004a2c   0x000000d0   Code   RO         4327    i.utf16_literal_to_utf8  cjson.o
    0x08004afc   0x08004afc   0x00000024   Code   RO         3378    i.uxListRemove      list.o
    0x08004b20   0x08004b20   0x00000016   Code   RO         3379    i.vListInitialise   list.o
    0x08004b36   0x08004b36   0x00000006   Code   RO         3380    i.vListInitialiseItem  list.o
    0x08004b3c   0x08004b3c   0x00000030   Code   RO         3381    i.vListInsert       list.o
    0x08004b6c   0x08004b6c   0x00000018   Code   RO         3382    i.vListInsertEnd    list.o
    0x08004b84   0x08004b84   0x00000078   Code   RO         4151    i.vPortEnterCritical  port.o
    0x08004bfc   0x08004bfc   0x00000064   Code   RO         4152    i.vPortExitCritical  port.o
    0x08004c60   0x08004c60   0x0000009c   Code   RO         4101    i.vPortFree         heap_4.o
    0x08004cfc   0x08004cfc   0x00000020   Code   RO         4153    i.vPortSetupTimerInterrupt  port.o
    0x08004d1c   0x08004d1c   0x0000008c   Code   RO         4154    i.vPortValidateInterruptPriority  port.o
    0x08004da8   0x08004da8   0x00000024   Code   RO         3425    i.vQueueAddToRegistry  queue.o
    0x08004dcc   0x08004dcc   0x00000044   Code   RO         3429    i.vQueueWaitForMessageRestricted  queue.o
    0x08004e10   0x08004e10   0x0000006c   Code   RO         3650    i.vTaskDelay        tasks.o
    0x08004e7c   0x08004e7c   0x000000cc   Code   RO         3652    i.vTaskDelete       tasks.o
    0x08004f48   0x08004f48   0x0000000c   Code   RO         3656    i.vTaskMissedYield  tasks.o
    0x08004f54   0x08004f54   0x00000054   Code   RO         3658    i.vTaskPlaceOnEventList  tasks.o
    0x08004fa8   0x08004fa8   0x0000005c   Code   RO         3659    i.vTaskPlaceOnEventListRestricted  tasks.o
    0x08005004   0x08005004   0x00000084   Code   RO         3661    i.vTaskPriorityInherit  tasks.o
    0x08005088   0x08005088   0x00000048   Code   RO         3665    i.vTaskSetTimeOutState  tasks.o
    0x080050d0   0x080050d0   0x00000094   Code   RO         3666    i.vTaskStartScheduler  tasks.o
    0x08005164   0x08005164   0x00000010   Code   RO         3668    i.vTaskSuspendAll   tasks.o
    0x08005174   0x08005174   0x0000007c   Code   RO         3669    i.vTaskSwitchContext  tasks.o
    0x080051f0   0x080051f0   0x00000078   Code   RO         4155    i.xPortStartScheduler  port.o
    0x08005268   0x08005268   0x0000002c   Code   RO         4156    i.xPortSysTickHandler  port.o
    0x08005294   0x08005294   0x00000078   Code   RO         3434    i.xQueueGenericCreate  queue.o
    0x0800530c   0x0800530c   0x00000184   Code   RO         3435    i.xQueueGenericReceive  queue.o
    0x08005490   0x08005490   0x000000a8   Code   RO         3436    i.xQueueGenericReset  queue.o
    0x08005538   0x08005538   0x00000188   Code   RO         3437    i.xQueueGenericSend  queue.o
    0x080056c0   0x080056c0   0x000000e0   Code   RO         3438    i.xQueueGenericSendFromISR  queue.o
    0x080057a0   0x080057a0   0x000000b4   Code   RO         3444    i.xQueueReceiveFromISR  queue.o
    0x08005854   0x08005854   0x00000088   Code   RO         3670    i.xTaskCheckForTimeOut  tasks.o
    0x080058dc   0x080058dc   0x00000056   Code   RO         3671    i.xTaskCreate       tasks.o
    0x08005932   0x08005932   0x00000002   PAD
    0x08005934   0x08005934   0x0000001c   Code   RO         3675    i.xTaskGetSchedulerState  tasks.o
    0x08005950   0x08005950   0x0000000c   Code   RO         3676    i.xTaskGetTickCount  tasks.o
    0x0800595c   0x0800595c   0x000000e8   Code   RO         3678    i.xTaskIncrementTick  tasks.o
    0x08005a44   0x08005a44   0x000000b4   Code   RO         3681    i.xTaskPriorityDisinherit  tasks.o
    0x08005af8   0x08005af8   0x00000098   Code   RO         3682    i.xTaskRemoveFromEventList  tasks.o
    0x08005b90   0x08005b90   0x000000e4   Code   RO         3684    i.xTaskResumeAll    tasks.o
    0x08005c74   0x08005c74   0x00000074   Code   RO         3988    i.xTimerCreate      timers.o
    0x08005ce8   0x08005ce8   0x00000074   Code   RO         3989    i.xTimerCreateTimerTask  timers.o
    0x08005d5c   0x08005d5c   0x00000090   Code   RO         3990    i.xTimerGenericCommand  timers.o
    0x08005dec   0x08005dec   0x00000018   Data   RO          378    .constdata          rtc.o
    0x08005e04   0x08005e04   0x00000040   Data   RO         5240    .constdata          mc_w.l(ctype_c.o)
    0x08005e44   0x08005e44   0x000000ba   Data   RO          789    .conststring        usart.o
    0x08005efe   0x08005efe   0x00000002   PAD
    0x08005f00   0x08005f00   0x00000020   Data   RO         5242    Region$$Table       anon$$obj.o


    Execution Region ER_RW (Exec base: 0x20000000, Load base: 0x08005f20, Size: 0x000000e4, Max: 0xffffffff, ABSOLUTE)

    Exec Addr    Load Addr    Size         Type   Attr      Idx    E Section Name        Object

    0x20000000   0x08005f20   0x00000004   Data   RW            4    .data               main.o
    0x20000004   0x08005f24   0x00000014   Data   RW          308    .data               system_stm32f10x.o
    0x20000018   0x08005f38   0x00000008   Data   RW          379    .data               rtc.o
    0x20000020   0x08005f40   0x00000004   Data   RW          501    .data               wdg.o
    0x20000024   0x08005f44   0x00000002   Data   RW          618    .data               w25q64.o
    0x20000026   0x08005f46   0x00000004   Data   RW          712    .data               delay.o
    0x2000002a   0x08005f4a   0x00000002   PAD
    0x2000002c   0x08005f4c   0x00000010   Data   RW          791    .data               usart.o
    0x2000003c   0x08005f5c   0x00000004   Data   RW          792    .data               usart.o
    0x20000040   0x08005f60   0x00000014   Data   RW         1141    .data               stm32f10x_rcc.o
    0x20000054   0x08005f74   0x0000003c   Data   RW         3687    .data               tasks.o
    0x20000090   0x08005fb0   0x00000014   Data   RW         3998    .data               timers.o
    0x200000a4   0x08005fc4   0x00000018   Data   RW         4106    .data               heap_4.o
    0x200000bc   0x08005fdc   0x0000000c   Data   RW         4157    .data               port.o
    0x200000c8   0x08005fe8   0x00000014   Data   RW         4329    .data               cjson.o
    0x200000dc   0x08005ffc   0x00000004   Data   RW         5208    .data               mc_w.l(mvars.o)
    0x200000e0   0x08006000   0x00000004   Data   RW         5209    .data               mc_w.l(mvars.o)


    Execution Region ER_ZI (Exec base: 0x200000e4, Load base: 0x08006004, Size: 0x00007624, Max: 0xffffffff, ABSOLUTE)

    Exec Addr    Load Addr    Size         Type   Attr      Idx    E Section Name        Object

    0x200000e4        -       0x0000001a   Zero   RW          377    .bss                rtc.o
    0x200000fe        -       0x00001000   Zero   RW          617    .bss                w25q64.o
    0x200010fe        -       0x000002be   Zero   RW          788    .bss                usart.o
    0x200013bc        -       0x00000040   Zero   RW         3449    .bss                queue.o
    0x200013fc        -       0x000002e4   Zero   RW         3686    .bss                tasks.o
    0x200016e0        -       0x00000028   Zero   RW         3997    .bss                timers.o
    0x20001708        -       0x00005000   Zero   RW         4105    .bss                heap_4.o
    0x20006708        -       0x00000800   Zero   RW          903    HEAP                startup_stm32f10x_hd.o
    0x20006f08        -       0x00000800   Zero   RW          902    STACK               startup_stm32f10x_hd.o


==============================================================================

Image component sizes


      Code (inc. data)   RO Data    RW Data    ZI Data      Debug   Object Name

      2080         70          0         20          0      18548   cjson.o
       200         20          0          4          0       2313   delay.o
         0          0          0          0          0      11724   event_groups.o
       584        138          0         24      20480       3891   heap_4.o
       136          0          0          0          0       2910   list.o
       162         28          0          4          0     262945   main.o
       144         16          0          0          0     206769   misc.o
       842        312          0         12          0       9889   port.o
       216         24          0          0          0       1650   pwm.o
      2012        272          0          0         64      13920   queue.o
      1406        216         24          8         26      10084   rtc.o
       248         18          0          0          0       1733   spi.o
        36          8        304          0       4096        780   startup_stm32f10x_hd.o
        50          8          0          0          0       2588   stm32f10x_bkp.o
       248          6          0          0          0       3313   stm32f10x_gpio.o
        12          0          0          0          0      52717   stm32f10x_it.o
        68         30          0          0          0       2390   stm32f10x_iwdg.o
        12          6          0          0          0        494   stm32f10x_pwr.o
       316         56          0         20          0       7122   stm32f10x_rcc.o
       228         50          0          0          0       5474   stm32f10x_rtc.o
        98          0          0          0          0       3758   stm32f10x_spi.o
       358         50          0          0          0       5749   stm32f10x_tim.o
       344          6          0          0          0       6819   stm32f10x_usart.o
         0          0          0          0          0         32   sys.o
       248         24          0         20          0       1665   system_stm32f10x.o
      2758        670          0         60        740      28363   tasks.o
      1144        260          0         20         40       9374   timers.o
      1950        398        186         20        702      12137   usart.o
       762         68          0          2       4096       7269   w25q64.o
        98         20          0          4          0       2089   wdg.o

    ----------------------------------------------------------------------
     16798       2774        548        220      30244     698509   Object Totals
         0          0         32          0          0          0   (incl. Generated)
        38          0          2          2          0          0   (incl. Padding)

    ----------------------------------------------------------------------

      Code (inc. data)   RO Data    RW Data    ZI Data      Debug   Library Member Name

        28          0          0          0          0         80   strtod.o
        56          8          0          0          0         84   __0sscanf.o
        28          0          0          0          0         68   _chval.o
       816          6          0          0          0        112   _scanf.o
       332          0          0          0          0         96   _scanf_int.o
        64          0          0          0          0         84   _sgetc.o
        40          6         64          0          0         68   ctype_c.o
         0          0          0          0          0          0   entry.o
         0          0          0          0          0          0   entry10a.o
         0          0          0          0          0          0   entry11a.o
         4          0          0          0          0          0   entry12b.o
         8          4          0          0          0          0   entry2.o
         4          0          0          0          0          0   entry5.o
         0          0          0          0          0          0   entry7b.o
         0          0          0          0          0          0   entry8b.o
         8          4          0          0          0          0   entry9a.o
        30          0          0          0          0          0   handlers.o
        36          8          0          0          0         68   init.o
        10          0          0          0          0         68   isspace_c.o
         0          0          0          0          0          0   iusefp.o
        30          0          0          0          0         68   llshl.o
        36          0          0          0          0         68   llsshr.o
        32          0          0          0          0         68   llushr.o
       360         30          0          0          0        356   mallocr.o
        36          0          0          0          0         68   memcpya.o
        36          0          0          0          0        108   memseta.o
         0          0          0          8          0          0   mvars.o
      2218         90          0          0          0        464   printfa.o
        40          8          0          0          0         84   scanf_char.o
       878         12          0          0          0        216   scanf_fp.o
        28          0          0          0          0         76   strcmp.o
        18          0          0          0          0         68   strcpy.o
        14          0          0          0          0         68   strlen.o
        30          0          0          0          0         80   strncmp.o
        36          0          0          0          0         80   strstr.o
       156         12          0          0          0        120   strtod.o
        12          0          0          0          0         68   tolower.o
        44          0          0          0          0         80   uidiv.o
        98          0          0          0          0         92   uldiv.o
        48          0          0          0          0         68   cdcmple.o
        48          0          0          0          0         68   cdrcmple.o
        56          0          0          0          0         88   d2f.o
       334          0          0          0          0        148   dadd.o
       222          0          0          0          0        100   ddiv.o
       186          0          0          0          0        176   depilogue.o
        62          0          0          0          0         80   dfixi.o
        48          0          0          0          0         68   dfixul.o
        24          0          0          0          0         76   dfltul.o
       228          0          0          0          0         96   dmul.o
       110          0          0          0          0        168   fepilogue.o

    ----------------------------------------------------------------------
      6942        188         64          8          0       4096   Library Totals
        10          0          0          0          0          0   (incl. Padding)

    ----------------------------------------------------------------------

      Code (inc. data)   RO Data    RW Data    ZI Data      Debug   Library Name

        28          0          0          0          0         80   m_ws.l
      5538        188         64          8          0       2880   mc_w.l
      1366          0          0          0          0       1136   mf_w.l

    ----------------------------------------------------------------------
      6942        188         64          8          0       4096   Library Totals

    ----------------------------------------------------------------------

==============================================================================


      Code (inc. data)   RO Data    RW Data    ZI Data      Debug   

     23740       2962        612        228      30244     690849   Grand Totals
     23740       2962        612        228      30244     690849   ELF Image Totals
     23740       2962        612        228          0          0   ROM Totals

==============================================================================

    Total RO  Size (Code + RO Data)                24352 (  23.78kB)
    Total RW  Size (RW Data + ZI Data)             30472 (  29.76kB)
    Total ROM Size (Code + RO Data + RW Data)      24580 (  24.00kB)

==============================================================================

